[2026-03-22 00:05:34] production.ERROR: Target class [config] does not exist. {"exception":"[object] (Illuminate\\Contracts\\Container\\BindingResolutionException(code: 0): Target class [config] does not exist. at /Users/ahitotsui/Documents/web_app_project/Engcard-related-data/Ver-1/Engcard/vendor/laravel/framework/src/Illuminate/Container/Container.php:1127)
[stacktrace]
#0 /Users/ahitotsui/Documents/web_app_project/Engcard-related-data/Ver-1/Engcard/vendor/laravel/framework/src/Illuminate/Container/Container.php(936): Illuminate\\Container\\Container->build('config')
#1 /Users/ahitotsui/Documents/web_app_project/Engcard-related-data/Ver-1/Engcard/vendor/laravel/framework/src/Illuminate/Foundation/Application.php(1078): Illuminate\\Container\\Container->resolve('config', Array, true)
#2 /Users/ahitotsui/Documents/web_app_project/Engcard-related-data/Ver-1/Engcard/vendor/laravel/framework/src/Illuminate/Container/Container.php(864): Illuminate\\Foundation\\Application->resolve('config', Array)
#3 /Users/ahitotsui/Documents/web_app_project/Engcard-related-data/Ver-1/Engcard/vendor/laravel/framework/src/Illuminate/Foundation/Application.php(1058): Illuminate\\Container\\Container->make('config', Array)
#4 /Users/ahitotsui/Documents/web_app_project/Engcard-related-data/Ver-1/Engcard/vendor/laravel/framework/src/Illuminate/Foundation/helpers.php(138): Illuminate\\Foundation\\Application->make('config', Array)
#5 /Users/ahitotsui/Documents/web_app_project/Engcard-related-data/Ver-1/Engcard/vendor/laravel/framework/src/Illuminate/Foundation/helpers.php(321): app('config')
#6 /Users/ahitotsui/Documents/web_app_project/Engcard-related-data/Ver-1/Engcard/vendor/laravel/sanctum/src/Sanctum.php(47): config('app.url')
#7 /Users/ahitotsui/Documents/web_app_project/Engcard-related-data/Ver-1/Engcard/config/sanctum.php(21): Laravel\\Sanctum\\Sanctum::currentApplicationUrlWithPort()
#8 /Users/ahitotsui/Documents/web_app_project/Engcard-related-data/Ver-1/Engcard/vendor/laravel/framework/src/Illuminate/Foundation/Bootstrap/LoadConfiguration.php(115): require('/Users/ahitotsu...')
#9 /Users/ahitotsui/Documents/web_app_project/Engcard-related-data/Ver-1/Engcard/vendor/laravel/framework/src/Illuminate/Foundation/Bootstrap/LoadConfiguration.php(115): Illuminate\\Foundation\\Bootstrap\\LoadConfiguration->{closure:Illuminate\\Foundation\\Bootstrap\\LoadConfiguration::loadConfigurationFile():115}()
#10 /Users/ahitotsui/Documents/web_app_project/Engcard-related-data/Ver-1/Engcard/vendor/laravel/framework/src/Illuminate/Foundation/Bootstrap/LoadConfiguration.php(96): Illuminate\\Foundation\\Bootstrap\\LoadConfiguration->loadConfigurationFile(Object(Illuminate\\Config\\Repository), 'sanctum', '/Users/ahitotsu...', Array)
#11 /Users/ahitotsui/Documents/web_app_project/Engcard-related-data/Ver-1/Engcard/vendor/laravel/framework/src/Illuminate/Foundation/Bootstrap/LoadConfiguration.php(55): Illuminate\\Foundation\\Bootstrap\\LoadConfiguration->loadConfigurationFiles(Object(Illuminate\\Foundation\\Application), Object(Illuminate\\Config\\Repository))
#12 /Users/ahitotsui/Documents/web_app_project/Engcard-related-data/Ver-1/Engcard/vendor/laravel/framework/src/Illuminate/Foundation/Application.php(342): Illuminate\\Foundation\\Bootstrap\\LoadConfiguration->bootstrap(Object(Illuminate\\Foundation\\Application))
#13 /Users/ahitotsui/Documents/web_app_project/Engcard-related-data/Ver-1/Engcard/vendor/laravel/framework/src/Illuminate/Foundation/Http/Kernel.php(186): Illuminate\\Foundation\\Application->bootstrapWith(Array)
#14 /Users/ahitotsui/Documents/web_app_project/Engcard-related-data/Ver-1/Engcard/vendor/laravel/framework/src/Illuminate/Foundation/Http/Kernel.php(170): Illuminate\\Foundation\\Http\\Kernel->bootstrap()
#15 /Users/ahitotsui/Documents/web_app_project/Engcard-related-data/Ver-1/Engcard/vendor/laravel/framework/src/Illuminate/Foundation/Http/Kernel.php(144): Illuminate\\Foundation\\Http\\Kernel->sendRequestThroughRouter(Object(Illuminate\\Http\\Request))
#16 /Users/ahitotsui/Documents/web_app_project/Engcard-related-data/Ver-1/Engcard/public/index.php(51): Illuminate\\Foundation\\Http\\Kernel->handle(Object(Illuminate\\Http\\Request))
#17 /Users/ahitotsui/Documents/web_app_project/Engcard-related-data/Ver-1/Engcard/vendor/laravel/framework/src/Illuminate/Foundation/resources/server.php(23): require_once('/Users/ahitotsu...')
#18 {main}

[previous exception] [object] (ReflectionException(code: -1): Class \"config\" does not exist at /Users/ahitotsui/Documents/web_app_project/Engcard-related-data/Ver-1/Engcard/vendor/laravel/framework/src/Illuminate/Container/Container.php:1125)
[stacktrace]
#0 /Users/ahitotsui/Documents/web_app_project/Engcard-related-data/Ver-1/Engcard/vendor/laravel/framework/src/Illuminate/Container/Container.php(1125): ReflectionClass->__construct('config')
#1 /Users/ahitotsui/Documents/web_app_project/Engcard-related-data/Ver-1/Engcard/vendor/laravel/framework/src/Illuminate/Container/Container.php(936): Illuminate\\Container\\Container->build('config')
#2 /Users/ahitotsui/Documents/web_app_project/Engcard-related-data/Ver-1/Engcard/vendor/laravel/framework/src/Illuminate/Foundation/Application.php(1078): Illuminate\\Container\\Container->resolve('config', Array, true)
#3 /Users/ahitotsui/Documents/web_app_project/Engcard-related-data/Ver-1/Engcard/vendor/laravel/framework/src/Illuminate/Container/Container.php(864): Illuminate\\Foundation\\Application->resolve('config', Array)
#4 /Users/ahitotsui/Documents/web_app_project/Engcard-related-data/Ver-1/Engcard/vendor/laravel/framework/src/Illuminate/Foundation/Application.php(1058): Illuminate\\Container\\Container->make('config', Array)
#5 /Users/ahitotsui/Documents/web_app_project/Engcard-related-data/Ver-1/Engcard/vendor/laravel/framework/src/Illuminate/Foundation/helpers.php(138): Illuminate\\Foundation\\Application->make('config', Array)
#6 /Users/ahitotsui/Documents/web_app_project/Engcard-related-data/Ver-1/Engcard/vendor/laravel/framework/src/Illuminate/Foundation/helpers.php(321): app('config')
#7 /Users/ahitotsui/Documents/web_app_project/Engcard-related-data/Ver-1/Engcard/vendor/laravel/sanctum/src/Sanctum.php(47): config('app.url')
#8 /Users/ahitotsui/Documents/web_app_project/Engcard-related-data/Ver-1/Engcard/config/sanctum.php(21): Laravel\\Sanctum\\Sanctum::currentApplicationUrlWithPort()
#9 /Users/ahitotsui/Documents/web_app_project/Engcard-related-data/Ver-1/Engcard/vendor/laravel/framework/src/Illuminate/Foundation/Bootstrap/LoadConfiguration.php(115): require('/Users/ahitotsu...')
#10 /Users/ahitotsui/Documents/web_app_project/Engcard-related-data/Ver-1/Engcard/vendor/laravel/framework/src/Illuminate/Foundation/Bootstrap/LoadConfiguration.php(115): Illuminate\\Foundation\\Bootstrap\\LoadConfiguration->{closure:Illuminate\\Foundation\\Bootstrap\\LoadConfiguration::loadConfigurationFile():115}()
#11 /Users/ahitotsui/Documents/web_app_project/Engcard-related-data/Ver-1/Engcard/vendor/laravel/framework/src/Illuminate/Foundation/Bootstrap/LoadConfiguration.php(96): Illuminate\\Foundation\\Bootstrap\\LoadConfiguration->loadConfigurationFile(Object(Illuminate\\Config\\Repository), 'sanctum', '/Users/ahitotsu...', Array)
#12 /Users/ahitotsui/Documents/web_app_project/Engcard-related-data/Ver-1/Engcard/vendor/laravel/framework/src/Illuminate/Foundation/Bootstrap/LoadConfiguration.php(55): Illuminate\\Foundation\\Bootstrap\\LoadConfiguration->loadConfigurationFiles(Object(Illuminate\\Foundation\\Application), Object(Illuminate\\Config\\Repository))
#13 /Users/ahitotsui/Documents/web_app_project/Engcard-related-data/Ver-1/Engcard/vendor/laravel/framework/src/Illuminate/Foundation/Application.php(342): Illuminate\\Foundation\\Bootstrap\\LoadConfiguration->bootstrap(Object(Illuminate\\Foundation\\Application))
#14 /Users/ahitotsui/Documents/web_app_project/Engcard-related-data/Ver-1/Engcard/vendor/laravel/framework/src/Illuminate/Foundation/Http/Kernel.php(186): Illuminate\\Foundation\\Application->bootstrapWith(Array)
#15 /Users/ahitotsui/Documents/web_app_project/Engcard-related-data/Ver-1/Engcard/vendor/laravel/framework/src/Illuminate/Foundation/Http/Kernel.php(170): Illuminate\\Foundation\\Http\\Kernel->bootstrap()
#16 /Users/ahitotsui/Documents/web_app_project/Engcard-related-data/Ver-1/Engcard/vendor/laravel/framework/src/Illuminate/Foundation/Http/Kernel.php(144): Illuminate\\Foundation\\Http\\Kernel->sendRequestThroughRouter(Object(Illuminate\\Http\\Request))
#17 /Users/ahitotsui/Documents/web_app_project/Engcard-related-data/Ver-1/Engcard/public/index.php(51): Illuminate\\Foundation\\Http\\Kernel->handle(Object(Illuminate\\Http\\Request))
#18 /Users/ahitotsui/Documents/web_app_project/Engcard-related-data/Ver-1/Engcard/vendor/laravel/framework/src/Illuminate/Foundation/resources/server.php(23): require_once('/Users/ahitotsu...')
#19 {main}
"} 
[2026-03-22 00:05:36] production.ERROR: Target class [config] does not exist. {"exception":"[object] (Illuminate\\Contracts\\Container\\BindingResolutionException(code: 0): Target class [config] does not exist. at /Users/ahitotsui/Documents/web_app_project/Engcard-related-data/Ver-1/Engcard/vendor/laravel/framework/src/Illuminate/Container/Container.php:1127)
[stacktrace]
#0 /Users/ahitotsui/Documents/web_app_project/Engcard-related-data/Ver-1/Engcard/vendor/laravel/framework/src/Illuminate/Container/Container.php(936): Illuminate\\Container\\Container->build('config')
#1 /Users/ahitotsui/Documents/web_app_project/Engcard-related-data/Ver-1/Engcard/vendor/laravel/framework/src/Illuminate/Foundation/Application.php(1078): Illuminate\\Container\\Container->resolve('config', Array, true)
#2 /Users/ahitotsui/Documents/web_app_project/Engcard-related-data/Ver-1/Engcard/vendor/laravel/framework/src/Illuminate/Container/Container.php(864): Illuminate\\Foundation\\Application->resolve('config', Array)
#3 /Users/ahitotsui/Documents/web_app_project/Engcard-related-data/Ver-1/Engcard/vendor/laravel/framework/src/Illuminate/Foundation/Application.php(1058): Illuminate\\Container\\Container->make('config', Array)
#4 /Users/ahitotsui/Documents/web_app_project/Engcard-related-data/Ver-1/Engcard/vendor/laravel/framework/src/Illuminate/Foundation/helpers.php(138): Illuminate\\Foundation\\Application->make('config', Array)
#5 /Users/ahitotsui/Documents/web_app_project/Engcard-related-data/Ver-1/Engcard/vendor/laravel/framework/src/Illuminate/Foundation/helpers.php(321): app('config')
#6 /Users/ahitotsui/Documents/web_app_project/Engcard-related-data/Ver-1/Engcard/vendor/laravel/sanctum/src/Sanctum.php(47): config('app.url')
#7 /Users/ahitotsui/Documents/web_app_project/Engcard-related-data/Ver-1/Engcard/config/sanctum.php(21): Laravel\\Sanctum\\Sanctum::currentApplicationUrlWithPort()
#8 /Users/ahitotsui/Documents/web_app_project/Engcard-related-data/Ver-1/Engcard/vendor/laravel/framework/src/Illuminate/Foundation/Bootstrap/LoadConfiguration.php(115): require('/Users/ahitotsu...')
#9 /Users/ahitotsui/Documents/web_app_project/Engcard-related-data/Ver-1/Engcard/vendor/laravel/framework/src/Illuminate/Foundation/Bootstrap/LoadConfiguration.php(115): Illuminate\\Foundation\\Bootstrap\\LoadConfiguration->{closure:Illuminate\\Foundation\\Bootstrap\\LoadConfiguration::loadConfigurationFile():115}()
#10 /Users/ahitotsui/Documents/web_app_project/Engcard-related-data/Ver-1/Engcard/vendor/laravel/framework/src/Illuminate/Foundation/Bootstrap/LoadConfiguration.php(96): Illuminate\\Foundation\\Bootstrap\\LoadConfiguration->loadConfigurationFile(Object(Illuminate\\Config\\Repository), 'sanctum', '/Users/ahitotsu...', Array)
#11 /Users/ahitotsui/Documents/web_app_project/Engcard-related-data/Ver-1/Engcard/vendor/laravel/framework/src/Illuminate/Foundation/Bootstrap/LoadConfiguration.php(55): Illuminate\\Foundation\\Bootstrap\\LoadConfiguration->loadConfigurationFiles(Object(Illuminate\\Foundation\\Application), Object(Illuminate\\Config\\Repository))
#12 /Users/ahitotsui/Documents/web_app_project/Engcard-related-data/Ver-1/Engcard/vendor/laravel/framework/src/Illuminate/Foundation/Application.php(342): Illuminate\\Foundation\\Bootstrap\\LoadConfiguration->bootstrap(Object(Illuminate\\Foundation\\Application))
#13 /Users/ahitotsui/Documents/web_app_project/Engcard-related-data/Ver-1/Engcard/vendor/laravel/framework/src/Illuminate/Foundation/Http/Kernel.php(186): Illuminate\\Foundation\\Application->bootstrapWith(Array)
#14 /Users/ahitotsui/Documents/web_app_project/Engcard-related-data/Ver-1/Engcard/vendor/laravel/framework/src/Illuminate/Foundation/Http/Kernel.php(170): Illuminate\\Foundation\\Http\\Kernel->bootstrap()
#15 /Users/ahitotsui/Documents/web_app_project/Engcard-related-data/Ver-1/Engcard/vendor/laravel/framework/src/Illuminate/Foundation/Http/Kernel.php(144): Illuminate\\Foundation\\Http\\Kernel->sendRequestThroughRouter(Object(Illuminate\\Http\\Request))
#16 /Users/ahitotsui/Documents/web_app_project/Engcard-related-data/Ver-1/Engcard/public/index.php(51): Illuminate\\Foundation\\Http\\Kernel->handle(Object(Illuminate\\Http\\Request))
#17 /Users/ahitotsui/Documents/web_app_project/Engcard-related-data/Ver-1/Engcard/vendor/laravel/framework/src/Illuminate/Foundation/resources/server.php(23): require_once('/Users/ahitotsu...')
#18 {main}

[previous exception] [object] (ReflectionException(code: -1): Class \"config\" does not exist at /Users/ahitotsui/Documents/web_app_project/Engcard-related-data/Ver-1/Engcard/vendor/laravel/framework/src/Illuminate/Container/Container.php:1125)
[stacktrace]
#0 /Users/ahitotsui/Documents/web_app_project/Engcard-related-data/Ver-1/Engcard/vendor/laravel/framework/src/Illuminate/Container/Container.php(1125): ReflectionClass->__construct('config')
#1 /Users/ahitotsui/Documents/web_app_project/Engcard-related-data/Ver-1/Engcard/vendor/laravel/framework/src/Illuminate/Container/Container.php(936): Illuminate\\Container\\Container->build('config')
#2 /Users/ahitotsui/Documents/web_app_project/Engcard-related-data/Ver-1/Engcard/vendor/laravel/framework/src/Illuminate/Foundation/Application.php(1078): Illuminate\\Container\\Container->resolve('config', Array, true)
#3 /Users/ahitotsui/Documents/web_app_project/Engcard-related-data/Ver-1/Engcard/vendor/laravel/framework/src/Illuminate/Container/Container.php(864): Illuminate\\Foundation\\Application->resolve('config', Array)
#4 /Users/ahitotsui/Documents/web_app_project/Engcard-related-data/Ver-1/Engcard/vendor/laravel/framework/src/Illuminate/Foundation/Application.php(1058): Illuminate\\Container\\Container->make('config', Array)
#5 /Users/ahitotsui/Documents/web_app_project/Engcard-related-data/Ver-1/Engcard/vendor/laravel/framework/src/Illuminate/Foundation/helpers.php(138): Illuminate\\Foundation\\Application->make('config', Array)
#6 /Users/ahitotsui/Documents/web_app_project/Engcard-related-data/Ver-1/Engcard/vendor/laravel/framework/src/Illuminate/Foundation/helpers.php(321): app('config')
#7 /Users/ahitotsui/Documents/web_app_project/Engcard-related-data/Ver-1/Engcard/vendor/laravel/sanctum/src/Sanctum.php(47): config('app.url')
#8 /Users/ahitotsui/Documents/web_app_project/Engcard-related-data/Ver-1/Engcard/config/sanctum.php(21): Laravel\\Sanctum\\Sanctum::currentApplicationUrlWithPort()
#9 /Users/ahitotsui/Documents/web_app_project/Engcard-related-data/Ver-1/Engcard/vendor/laravel/framework/src/Illuminate/Foundation/Bootstrap/LoadConfiguration.php(115): require('/Users/ahitotsu...')
#10 /Users/ahitotsui/Documents/web_app_project/Engcard-related-data/Ver-1/Engcard/vendor/laravel/framework/src/Illuminate/Foundation/Bootstrap/LoadConfiguration.php(115): Illuminate\\Foundation\\Bootstrap\\LoadConfiguration->{closure:Illuminate\\Foundation\\Bootstrap\\LoadConfiguration::loadConfigurationFile():115}()
#11 /Users/ahitotsui/Documents/web_app_project/Engcard-related-data/Ver-1/Engcard/vendor/laravel/framework/src/Illuminate/Foundation/Bootstrap/LoadConfiguration.php(96): Illuminate\\Foundation\\Bootstrap\\LoadConfiguration->loadConfigurationFile(Object(Illuminate\\Config\\Repository), 'sanctum', '/Users/ahitotsu...', Array)
#12 /Users/ahitotsui/Documents/web_app_project/Engcard-related-data/Ver-1/Engcard/vendor/laravel/framework/src/Illuminate/Foundation/Bootstrap/LoadConfiguration.php(55): Illuminate\\Foundation\\Bootstrap\\LoadConfiguration->loadConfigurationFiles(Object(Illuminate\\Foundation\\Application), Object(Illuminate\\Config\\Repository))
#13 /Users/ahitotsui/Documents/web_app_project/Engcard-related-data/Ver-1/Engcard/vendor/laravel/framework/src/Illuminate/Foundation/Application.php(342): Illuminate\\Foundation\\Bootstrap\\LoadConfiguration->bootstrap(Object(Illuminate\\Foundation\\Application))
#14 /Users/ahitotsui/Documents/web_app_project/Engcard-related-data/Ver-1/Engcard/vendor/laravel/framework/src/Illuminate/Foundation/Http/Kernel.php(186): Illuminate\\Foundation\\Application->bootstrapWith(Array)
#15 /Users/ahitotsui/Documents/web_app_project/Engcard-related-data/Ver-1/Engcard/vendor/laravel/framework/src/Illuminate/Foundation/Http/Kernel.php(170): Illuminate\\Foundation\\Http\\Kernel->bootstrap()
#16 /Users/ahitotsui/Documents/web_app_project/Engcard-related-data/Ver-1/Engcard/vendor/laravel/framework/src/Illuminate/Foundation/Http/Kernel.php(144): Illuminate\\Foundation\\Http\\Kernel->sendRequestThroughRouter(Object(Illuminate\\Http\\Request))
#17 /Users/ahitotsui/Documents/web_app_project/Engcard-related-data/Ver-1/Engcard/public/index.php(51): Illuminate\\Foundation\\Http\\Kernel->handle(Object(Illuminate\\Http\\Request))
#18 /Users/ahitotsui/Documents/web_app_project/Engcard-related-data/Ver-1/Engcard/vendor/laravel/framework/src/Illuminate/Foundation/resources/server.php(23): require_once('/Users/ahitotsu...')
#19 {main}
"} 
[2026-03-22 00:05:53] production.ERROR: Target class [config] does not exist. {"exception":"[object] (Illuminate\\Contracts\\Container\\BindingResolutionException(code: 0): Target class [config] does not exist. at /Users/ahitotsui/Documents/web_app_project/Engcard-related-data/Ver-1/Engcard/vendor/laravel/framework/src/Illuminate/Container/Container.php:1127)
[stacktrace]
#0 /Users/ahitotsui/Documents/web_app_project/Engcard-related-data/Ver-1/Engcard/vendor/laravel/framework/src/Illuminate/Container/Container.php(936): Illuminate\\Container\\Container->build('config')
#1 /Users/ahitotsui/Documents/web_app_project/Engcard-related-data/Ver-1/Engcard/vendor/laravel/framework/src/Illuminate/Foundation/Application.php(1078): Illuminate\\Container\\Container->resolve('config', Array, true)
#2 /Users/ahitotsui/Documents/web_app_project/Engcard-related-data/Ver-1/Engcard/vendor/laravel/framework/src/Illuminate/Container/Container.php(864): Illuminate\\Foundation\\Application->resolve('config', Array)
#3 /Users/ahitotsui/Documents/web_app_project/Engcard-related-data/Ver-1/Engcard/vendor/laravel/framework/src/Illuminate/Foundation/Application.php(1058): Illuminate\\Container\\Container->make('config', Array)
#4 /Users/ahitotsui/Documents/web_app_project/Engcard-related-data/Ver-1/Engcard/vendor/laravel/framework/src/Illuminate/Foundation/helpers.php(138): Illuminate\\Foundation\\Application->make('config', Array)
#5 /Users/ahitotsui/Documents/web_app_project/Engcard-related-data/Ver-1/Engcard/vendor/laravel/framework/src/Illuminate/Foundation/helpers.php(321): app('config')
#6 /Users/ahitotsui/Documents/web_app_project/Engcard-related-data/Ver-1/Engcard/vendor/laravel/sanctum/src/Sanctum.php(47): config('app.url')
#7 /Users/ahitotsui/Documents/web_app_project/Engcard-related-data/Ver-1/Engcard/config/sanctum.php(21): Laravel\\Sanctum\\Sanctum::currentApplicationUrlWithPort()
#8 /Users/ahitotsui/Documents/web_app_project/Engcard-related-data/Ver-1/Engcard/vendor/laravel/framework/src/Illuminate/Foundation/Bootstrap/LoadConfiguration.php(115): require('/Users/ahitotsu...')
#9 /Users/ahitotsui/Documents/web_app_project/Engcard-related-data/Ver-1/Engcard/vendor/laravel/framework/src/Illuminate/Foundation/Bootstrap/LoadConfiguration.php(115): Illuminate\\Foundation\\Bootstrap\\LoadConfiguration->{closure:Illuminate\\Foundation\\Bootstrap\\LoadConfiguration::loadConfigurationFile():115}()
#10 /Users/ahitotsui/Documents/web_app_project/Engcard-related-data/Ver-1/Engcard/vendor/laravel/framework/src/Illuminate/Foundation/Bootstrap/LoadConfiguration.php(96): Illuminate\\Foundation\\Bootstrap\\LoadConfiguration->loadConfigurationFile(Object(Illuminate\\Config\\Repository), 'sanctum', '/Users/ahitotsu...', Array)
#11 /Users/ahitotsui/Documents/web_app_project/Engcard-related-data/Ver-1/Engcard/vendor/laravel/framework/src/Illuminate/Foundation/Bootstrap/LoadConfiguration.php(55): Illuminate\\Foundation\\Bootstrap\\LoadConfiguration->loadConfigurationFiles(Object(Illuminate\\Foundation\\Application), Object(Illuminate\\Config\\Repository))
#12 /Users/ahitotsui/Documents/web_app_project/Engcard-related-data/Ver-1/Engcard/vendor/laravel/framework/src/Illuminate/Foundation/Application.php(342): Illuminate\\Foundation\\Bootstrap\\LoadConfiguration->bootstrap(Object(Illuminate\\Foundation\\Application))
#13 /Users/ahitotsui/Documents/web_app_project/Engcard-related-data/Ver-1/Engcard/vendor/laravel/framework/src/Illuminate/Foundation/Http/Kernel.php(186): Illuminate\\Foundation\\Application->bootstrapWith(Array)
#14 /Users/ahitotsui/Documents/web_app_project/Engcard-related-data/Ver-1/Engcard/vendor/laravel/framework/src/Illuminate/Foundation/Http/Kernel.php(170): Illuminate\\Foundation\\Http\\Kernel->bootstrap()
#15 /Users/ahitotsui/Documents/web_app_project/Engcard-related-data/Ver-1/Engcard/vendor/laravel/framework/src/Illuminate/Foundation/Http/Kernel.php(144): Illuminate\\Foundation\\Http\\Kernel->sendRequestThroughRouter(Object(Illuminate\\Http\\Request))
#16 /Users/ahitotsui/Documents/web_app_project/Engcard-related-data/Ver-1/Engcard/public/index.php(51): Illuminate\\Foundation\\Http\\Kernel->handle(Object(Illuminate\\Http\\Request))
#17 /Users/ahitotsui/Documents/web_app_project/Engcard-related-data/Ver-1/Engcard/vendor/laravel/framework/src/Illuminate/Foundation/resources/server.php(23): require_once('/Users/ahitotsu...')
#18 {main}

[previous exception] [object] (ReflectionException(code: -1): Class \"config\" does not exist at /Users/ahitotsui/Documents/web_app_project/Engcard-related-data/Ver-1/Engcard/vendor/laravel/framework/src/Illuminate/Container/Container.php:1125)
[stacktrace]
#0 /Users/ahitotsui/Documents/web_app_project/Engcard-related-data/Ver-1/Engcard/vendor/laravel/framework/src/Illuminate/Container/Container.php(1125): ReflectionClass->__construct('config')
#1 /Users/ahitotsui/Documents/web_app_project/Engcard-related-data/Ver-1/Engcard/vendor/laravel/framework/src/Illuminate/Container/Container.php(936): Illuminate\\Container\\Container->build('config')
#2 /Users/ahitotsui/Documents/web_app_project/Engcard-related-data/Ver-1/Engcard/vendor/laravel/framework/src/Illuminate/Foundation/Application.php(1078): Illuminate\\Container\\Container->resolve('config', Array, true)
#3 /Users/ahitotsui/Documents/web_app_project/Engcard-related-data/Ver-1/Engcard/vendor/laravel/framework/src/Illuminate/Container/Container.php(864): Illuminate\\Foundation\\Application->resolve('config', Array)
#4 /Users/ahitotsui/Documents/web_app_project/Engcard-related-data/Ver-1/Engcard/vendor/laravel/framework/src/Illuminate/Foundation/Application.php(1058): Illuminate\\Container\\Container->make('config', Array)
#5 /Users/ahitotsui/Documents/web_app_project/Engcard-related-data/Ver-1/Engcard/vendor/laravel/framework/src/Illuminate/Foundation/helpers.php(138): Illuminate\\Foundation\\Application->make('config', Array)
#6 /Users/ahitotsui/Documents/web_app_project/Engcard-related-data/Ver-1/Engcard/vendor/laravel/framework/src/Illuminate/Foundation/helpers.php(321): app('config')
#7 /Users/ahitotsui/Documents/web_app_project/Engcard-related-data/Ver-1/Engcard/vendor/laravel/sanctum/src/Sanctum.php(47): config('app.url')
#8 /Users/ahitotsui/Documents/web_app_project/Engcard-related-data/Ver-1/Engcard/config/sanctum.php(21): Laravel\\Sanctum\\Sanctum::currentApplicationUrlWithPort()
#9 /Users/ahitotsui/Documents/web_app_project/Engcard-related-data/Ver-1/Engcard/vendor/laravel/framework/src/Illuminate/Foundation/Bootstrap/LoadConfiguration.php(115): require('/Users/ahitotsu...')
#10 /Users/ahitotsui/Documents/web_app_project/Engcard-related-data/Ver-1/Engcard/vendor/laravel/framework/src/Illuminate/Foundation/Bootstrap/LoadConfiguration.php(115): Illuminate\\Foundation\\Bootstrap\\LoadConfiguration->{closure:Illuminate\\Foundation\\Bootstrap\\LoadConfiguration::loadConfigurationFile():115}()
#11 /Users/ahitotsui/Documents/web_app_project/Engcard-related-data/Ver-1/Engcard/vendor/laravel/framework/src/Illuminate/Foundation/Bootstrap/LoadConfiguration.php(96): Illuminate\\Foundation\\Bootstrap\\LoadConfiguration->loadConfigurationFile(Object(Illuminate\\Config\\Repository), 'sanctum', '/Users/ahitotsu...', Array)
#12 /Users/ahitotsui/Documents/web_app_project/Engcard-related-data/Ver-1/Engcard/vendor/laravel/framework/src/Illuminate/Foundation/Bootstrap/LoadConfiguration.php(55): Illuminate\\Foundation\\Bootstrap\\LoadConfiguration->loadConfigurationFiles(Object(Illuminate\\Foundation\\Application), Object(Illuminate\\Config\\Repository))
#13 /Users/ahitotsui/Documents/web_app_project/Engcard-related-data/Ver-1/Engcard/vendor/laravel/framework/src/Illuminate/Foundation/Application.php(342): Illuminate\\Foundation\\Bootstrap\\LoadConfiguration->bootstrap(Object(Illuminate\\Foundation\\Application))
#14 /Users/ahitotsui/Documents/web_app_project/Engcard-related-data/Ver-1/Engcard/vendor/laravel/framework/src/Illuminate/Foundation/Http/Kernel.php(186): Illuminate\\Foundation\\Application->bootstrapWith(Array)
#15 /Users/ahitotsui/Documents/web_app_project/Engcard-related-data/Ver-1/Engcard/vendor/laravel/framework/src/Illuminate/Foundation/Http/Kernel.php(170): Illuminate\\Foundation\\Http\\Kernel->bootstrap()
#16 /Users/ahitotsui/Documents/web_app_project/Engcard-related-data/Ver-1/Engcard/vendor/laravel/framework/src/Illuminate/Foundation/Http/Kernel.php(144): Illuminate\\Foundation\\Http\\Kernel->sendRequestThroughRouter(Object(Illuminate\\Http\\Request))
#17 /Users/ahitotsui/Documents/web_app_project/Engcard-related-data/Ver-1/Engcard/public/index.php(51): Illuminate\\Foundation\\Http\\Kernel->handle(Object(Illuminate\\Http\\Request))
#18 /Users/ahitotsui/Documents/web_app_project/Engcard-related-data/Ver-1/Engcard/vendor/laravel/framework/src/Illuminate/Foundation/resources/server.php(23): require_once('/Users/ahitotsu...')
#19 {main}
"} 
[2026-03-22 00:05:55] production.ERROR: Target class [config] does not exist. {"exception":"[object] (Illuminate\\Contracts\\Container\\BindingResolutionException(code: 0): Target class [config] does not exist. at /Users/ahitotsui/Documents/web_app_project/Engcard-related-data/Ver-1/Engcard/vendor/laravel/framework/src/Illuminate/Container/Container.php:1127)
[stacktrace]
#0 /Users/ahitotsui/Documents/web_app_project/Engcard-related-data/Ver-1/Engcard/vendor/laravel/framework/src/Illuminate/Container/Container.php(936): Illuminate\\Container\\Container->build('config')
#1 /Users/ahitotsui/Documents/web_app_project/Engcard-related-data/Ver-1/Engcard/vendor/laravel/framework/src/Illuminate/Foundation/Application.php(1078): Illuminate\\Container\\Container->resolve('config', Array, true)
#2 /Users/ahitotsui/Documents/web_app_project/Engcard-related-data/Ver-1/Engcard/vendor/laravel/framework/src/Illuminate/Container/Container.php(864): Illuminate\\Foundation\\Application->resolve('config', Array)
#3 /Users/ahitotsui/Documents/web_app_project/Engcard-related-data/Ver-1/Engcard/vendor/laravel/framework/src/Illuminate/Foundation/Application.php(1058): Illuminate\\Container\\Container->make('config', Array)
#4 /Users/ahitotsui/Documents/web_app_project/Engcard-related-data/Ver-1/Engcard/vendor/laravel/framework/src/Illuminate/Foundation/helpers.php(138): Illuminate\\Foundation\\Application->make('config', Array)
#5 /Users/ahitotsui/Documents/web_app_project/Engcard-related-data/Ver-1/Engcard/vendor/laravel/framework/src/Illuminate/Foundation/helpers.php(321): app('config')
#6 /Users/ahitotsui/Documents/web_app_project/Engcard-related-data/Ver-1/Engcard/vendor/laravel/sanctum/src/Sanctum.php(47): config('app.url')
#7 /Users/ahitotsui/Documents/web_app_project/Engcard-related-data/Ver-1/Engcard/config/sanctum.php(21): Laravel\\Sanctum\\Sanctum::currentApplicationUrlWithPort()
#8 /Users/ahitotsui/Documents/web_app_project/Engcard-related-data/Ver-1/Engcard/vendor/laravel/framework/src/Illuminate/Foundation/Bootstrap/LoadConfiguration.php(115): require('/Users/ahitotsu...')
#9 /Users/ahitotsui/Documents/web_app_project/Engcard-related-data/Ver-1/Engcard/vendor/laravel/framework/src/Illuminate/Foundation/Bootstrap/LoadConfiguration.php(115): Illuminate\\Foundation\\Bootstrap\\LoadConfiguration->{closure:Illuminate\\Foundation\\Bootstrap\\LoadConfiguration::loadConfigurationFile():115}()
#10 /Users/ahitotsui/Documents/web_app_project/Engcard-related-data/Ver-1/Engcard/vendor/laravel/framework/src/Illuminate/Foundation/Bootstrap/LoadConfiguration.php(96): Illuminate\\Foundation\\Bootstrap\\LoadConfiguration->loadConfigurationFile(Object(Illuminate\\Config\\Repository), 'sanctum', '/Users/ahitotsu...', Array)
#11 /Users/ahitotsui/Documents/web_app_project/Engcard-related-data/Ver-1/Engcard/vendor/laravel/framework/src/Illuminate/Foundation/Bootstrap/LoadConfiguration.php(55): Illuminate\\Foundation\\Bootstrap\\LoadConfiguration->loadConfigurationFiles(Object(Illuminate\\Foundation\\Application), Object(Illuminate\\Config\\Repository))
#12 /Users/ahitotsui/Documents/web_app_project/Engcard-related-data/Ver-1/Engcard/vendor/laravel/framework/src/Illuminate/Foundation/Application.php(342): Illuminate\\Foundation\\Bootstrap\\LoadConfiguration->bootstrap(Object(Illuminate\\Foundation\\Application))
#13 /Users/ahitotsui/Documents/web_app_project/Engcard-related-data/Ver-1/Engcard/vendor/laravel/framework/src/Illuminate/Foundation/Http/Kernel.php(186): Illuminate\\Foundation\\Application->bootstrapWith(Array)
#14 /Users/ahitotsui/Documents/web_app_project/Engcard-related-data/Ver-1/Engcard/vendor/laravel/framework/src/Illuminate/Foundation/Http/Kernel.php(170): Illuminate\\Foundation\\Http\\Kernel->bootstrap()
#15 /Users/ahitotsui/Documents/web_app_project/Engcard-related-data/Ver-1/Engcard/vendor/laravel/framework/src/Illuminate/Foundation/Http/Kernel.php(144): Illuminate\\Foundation\\Http\\Kernel->sendRequestThroughRouter(Object(Illuminate\\Http\\Request))
#16 /Users/ahitotsui/Documents/web_app_project/Engcard-related-data/Ver-1/Engcard/public/index.php(51): Illuminate\\Foundation\\Http\\Kernel->handle(Object(Illuminate\\Http\\Request))
#17 /Users/ahitotsui/Documents/web_app_project/Engcard-related-data/Ver-1/Engcard/vendor/laravel/framework/src/Illuminate/Foundation/resources/server.php(23): require_once('/Users/ahitotsu...')
#18 {main}

[previous exception] [object] (ReflectionException(code: -1): Class \"config\" does not exist at /Users/ahitotsui/Documents/web_app_project/Engcard-related-data/Ver-1/Engcard/vendor/laravel/framework/src/Illuminate/Container/Container.php:1125)
[stacktrace]
#0 /Users/ahitotsui/Documents/web_app_project/Engcard-related-data/Ver-1/Engcard/vendor/laravel/framework/src/Illuminate/Container/Container.php(1125): ReflectionClass->__construct('config')
#1 /Users/ahitotsui/Documents/web_app_project/Engcard-related-data/Ver-1/Engcard/vendor/laravel/framework/src/Illuminate/Container/Container.php(936): Illuminate\\Container\\Container->build('config')
#2 /Users/ahitotsui/Documents/web_app_project/Engcard-related-data/Ver-1/Engcard/vendor/laravel/framework/src/Illuminate/Foundation/Application.php(1078): Illuminate\\Container\\Container->resolve('config', Array, true)
#3 /Users/ahitotsui/Documents/web_app_project/Engcard-related-data/Ver-1/Engcard/vendor/laravel/framework/src/Illuminate/Container/Container.php(864): Illuminate\\Foundation\\Application->resolve('config', Array)
#4 /Users/ahitotsui/Documents/web_app_project/Engcard-related-data/Ver-1/Engcard/vendor/laravel/framework/src/Illuminate/Foundation/Application.php(1058): Illuminate\\Container\\Container->make('config', Array)
#5 /Users/ahitotsui/Documents/web_app_project/Engcard-related-data/Ver-1/Engcard/vendor/laravel/framework/src/Illuminate/Foundation/helpers.php(138): Illuminate\\Foundation\\Application->make('config', Array)
#6 /Users/ahitotsui/Documents/web_app_project/Engcard-related-data/Ver-1/Engcard/vendor/laravel/framework/src/Illuminate/Foundation/helpers.php(321): app('config')
#7 /Users/ahitotsui/Documents/web_app_project/Engcard-related-data/Ver-1/Engcard/vendor/laravel/sanctum/src/Sanctum.php(47): config('app.url')
#8 /Users/ahitotsui/Documents/web_app_project/Engcard-related-data/Ver-1/Engcard/config/sanctum.php(21): Laravel\\Sanctum\\Sanctum::currentApplicationUrlWithPort()
#9 /Users/ahitotsui/Documents/web_app_project/Engcard-related-data/Ver-1/Engcard/vendor/laravel/framework/src/Illuminate/Foundation/Bootstrap/LoadConfiguration.php(115): require('/Users/ahitotsu...')
#10 /Users/ahitotsui/Documents/web_app_project/Engcard-related-data/Ver-1/Engcard/vendor/laravel/framework/src/Illuminate/Foundation/Bootstrap/LoadConfiguration.php(115): Illuminate\\Foundation\\Bootstrap\\LoadConfiguration->{closure:Illuminate\\Foundation\\Bootstrap\\LoadConfiguration::loadConfigurationFile():115}()
#11 /Users/ahitotsui/Documents/web_app_project/Engcard-related-data/Ver-1/Engcard/vendor/laravel/framework/src/Illuminate/Foundation/Bootstrap/LoadConfiguration.php(96): Illuminate\\Foundation\\Bootstrap\\LoadConfiguration->loadConfigurationFile(Object(Illuminate\\Config\\Repository), 'sanctum', '/Users/ahitotsu...', Array)
#12 /Users/ahitotsui/Documents/web_app_project/Engcard-related-data/Ver-1/Engcard/vendor/laravel/framework/src/Illuminate/Foundation/Bootstrap/LoadConfiguration.php(55): Illuminate\\Foundation\\Bootstrap\\LoadConfiguration->loadConfigurationFiles(Object(Illuminate\\Foundation\\Application), Object(Illuminate\\Config\\Repository))
#13 /Users/ahitotsui/Documents/web_app_project/Engcard-related-data/Ver-1/Engcard/vendor/laravel/framework/src/Illuminate/Foundation/Application.php(342): Illuminate\\Foundation\\Bootstrap\\LoadConfiguration->bootstrap(Object(Illuminate\\Foundation\\Application))
#14 /Users/ahitotsui/Documents/web_app_project/Engcard-related-data/Ver-1/Engcard/vendor/laravel/framework/src/Illuminate/Foundation/Http/Kernel.php(186): Illuminate\\Foundation\\Application->bootstrapWith(Array)
#15 /Users/ahitotsui/Documents/web_app_project/Engcard-related-data/Ver-1/Engcard/vendor/laravel/framework/src/Illuminate/Foundation/Http/Kernel.php(170): Illuminate\\Foundation\\Http\\Kernel->bootstrap()
#16 /Users/ahitotsui/Documents/web_app_project/Engcard-related-data/Ver-1/Engcard/vendor/laravel/framework/src/Illuminate/Foundation/Http/Kernel.php(144): Illuminate\\Foundation\\Http\\Kernel->sendRequestThroughRouter(Object(Illuminate\\Http\\Request))
#17 /Users/ahitotsui/Documents/web_app_project/Engcard-related-data/Ver-1/Engcard/public/index.php(51): Illuminate\\Foundation\\Http\\Kernel->handle(Object(Illuminate\\Http\\Request))
#18 /Users/ahitotsui/Documents/web_app_project/Engcard-related-data/Ver-1/Engcard/vendor/laravel/framework/src/Illuminate/Foundation/resources/server.php(23): require_once('/Users/ahitotsu...')
#19 {main}
"} 
[2026-03-22 00:05:55] production.ERROR: Target class [config] does not exist. {"exception":"[object] (Illuminate\\Contracts\\Container\\BindingResolutionException(code: 0): Target class [config] does not exist. at /Users/ahitotsui/Documents/web_app_project/Engcard-related-data/Ver-1/Engcard/vendor/laravel/framework/src/Illuminate/Container/Container.php:1127)
[stacktrace]
#0 /Users/ahitotsui/Documents/web_app_project/Engcard-related-data/Ver-1/Engcard/vendor/laravel/framework/src/Illuminate/Container/Container.php(936): Illuminate\\Container\\Container->build('config')
#1 /Users/ahitotsui/Documents/web_app_project/Engcard-related-data/Ver-1/Engcard/vendor/laravel/framework/src/Illuminate/Foundation/Application.php(1078): Illuminate\\Container\\Container->resolve('config', Array, true)
#2 /Users/ahitotsui/Documents/web_app_project/Engcard-related-data/Ver-1/Engcard/vendor/laravel/framework/src/Illuminate/Container/Container.php(864): Illuminate\\Foundation\\Application->resolve('config', Array)
#3 /Users/ahitotsui/Documents/web_app_project/Engcard-related-data/Ver-1/Engcard/vendor/laravel/framework/src/Illuminate/Foundation/Application.php(1058): Illuminate\\Container\\Container->make('config', Array)
#4 /Users/ahitotsui/Documents/web_app_project/Engcard-related-data/Ver-1/Engcard/vendor/laravel/framework/src/Illuminate/Foundation/helpers.php(138): Illuminate\\Foundation\\Application->make('config', Array)
#5 /Users/ahitotsui/Documents/web_app_project/Engcard-related-data/Ver-1/Engcard/vendor/laravel/framework/src/Illuminate/Foundation/helpers.php(321): app('config')
#6 /Users/ahitotsui/Documents/web_app_project/Engcard-related-data/Ver-1/Engcard/vendor/laravel/sanctum/src/Sanctum.php(47): config('app.url')
#7 /Users/ahitotsui/Documents/web_app_project/Engcard-related-data/Ver-1/Engcard/config/sanctum.php(21): Laravel\\Sanctum\\Sanctum::currentApplicationUrlWithPort()
#8 /Users/ahitotsui/Documents/web_app_project/Engcard-related-data/Ver-1/Engcard/vendor/laravel/framework/src/Illuminate/Foundation/Bootstrap/LoadConfiguration.php(115): require('/Users/ahitotsu...')
#9 /Users/ahitotsui/Documents/web_app_project/Engcard-related-data/Ver-1/Engcard/vendor/laravel/framework/src/Illuminate/Foundation/Bootstrap/LoadConfiguration.php(115): Illuminate\\Foundation\\Bootstrap\\LoadConfiguration->{closure:Illuminate\\Foundation\\Bootstrap\\LoadConfiguration::loadConfigurationFile():115}()
#10 /Users/ahitotsui/Documents/web_app_project/Engcard-related-data/Ver-1/Engcard/vendor/laravel/framework/src/Illuminate/Foundation/Bootstrap/LoadConfiguration.php(96): Illuminate\\Foundation\\Bootstrap\\LoadConfiguration->loadConfigurationFile(Object(Illuminate\\Config\\Repository), 'sanctum', '/Users/ahitotsu...', Array)
#11 /Users/ahitotsui/Documents/web_app_project/Engcard-related-data/Ver-1/Engcard/vendor/laravel/framework/src/Illuminate/Foundation/Bootstrap/LoadConfiguration.php(55): Illuminate\\Foundation\\Bootstrap\\LoadConfiguration->loadConfigurationFiles(Object(Illuminate\\Foundation\\Application), Object(Illuminate\\Config\\Repository))
#12 /Users/ahitotsui/Documents/web_app_project/Engcard-related-data/Ver-1/Engcard/vendor/laravel/framework/src/Illuminate/Foundation/Application.php(342): Illuminate\\Foundation\\Bootstrap\\LoadConfiguration->bootstrap(Object(Illuminate\\Foundation\\Application))
#13 /Users/ahitotsui/Documents/web_app_project/Engcard-related-data/Ver-1/Engcard/vendor/laravel/framework/src/Illuminate/Foundation/Http/Kernel.php(186): Illuminate\\Foundation\\Application->bootstrapWith(Array)
#14 /Users/ahitotsui/Documents/web_app_project/Engcard-related-data/Ver-1/Engcard/vendor/laravel/framework/src/Illuminate/Foundation/Http/Kernel.php(170): Illuminate\\Foundation\\Http\\Kernel->bootstrap()
#15 /Users/ahitotsui/Documents/web_app_project/Engcard-related-data/Ver-1/Engcard/vendor/laravel/framework/src/Illuminate/Foundation/Http/Kernel.php(144): Illuminate\\Foundation\\Http\\Kernel->sendRequestThroughRouter(Object(Illuminate\\Http\\Request))
#16 /Users/ahitotsui/Documents/web_app_project/Engcard-related-data/Ver-1/Engcard/public/index.php(51): Illuminate\\Foundation\\Http\\Kernel->handle(Object(Illuminate\\Http\\Request))
#17 /Users/ahitotsui/Documents/web_app_project/Engcard-related-data/Ver-1/Engcard/vendor/laravel/framework/src/Illuminate/Foundation/resources/server.php(23): require_once('/Users/ahitotsu...')
#18 {main}

[previous exception] [object] (ReflectionException(code: -1): Class \"config\" does not exist at /Users/ahitotsui/Documents/web_app_project/Engcard-related-data/Ver-1/Engcard/vendor/laravel/framework/src/Illuminate/Container/Container.php:1125)
[stacktrace]
#0 /Users/ahitotsui/Documents/web_app_project/Engcard-related-data/Ver-1/Engcard/vendor/laravel/framework/src/Illuminate/Container/Container.php(1125): ReflectionClass->__construct('config')
#1 /Users/ahitotsui/Documents/web_app_project/Engcard-related-data/Ver-1/Engcard/vendor/laravel/framework/src/Illuminate/Container/Container.php(936): Illuminate\\Container\\Container->build('config')
#2 /Users/ahitotsui/Documents/web_app_project/Engcard-related-data/Ver-1/Engcard/vendor/laravel/framework/src/Illuminate/Foundation/Application.php(1078): Illuminate\\Container\\Container->resolve('config', Array, true)
#3 /Users/ahitotsui/Documents/web_app_project/Engcard-related-data/Ver-1/Engcard/vendor/laravel/framework/src/Illuminate/Container/Container.php(864): Illuminate\\Foundation\\Application->resolve('config', Array)
#4 /Users/ahitotsui/Documents/web_app_project/Engcard-related-data/Ver-1/Engcard/vendor/laravel/framework/src/Illuminate/Foundation/Application.php(1058): Illuminate\\Container\\Container->make('config', Array)
#5 /Users/ahitotsui/Documents/web_app_project/Engcard-related-data/Ver-1/Engcard/vendor/laravel/framework/src/Illuminate/Foundation/helpers.php(138): Illuminate\\Foundation\\Application->make('config', Array)
#6 /Users/ahitotsui/Documents/web_app_project/Engcard-related-data/Ver-1/Engcard/vendor/laravel/framework/src/Illuminate/Foundation/helpers.php(321): app('config')
#7 /Users/ahitotsui/Documents/web_app_project/Engcard-related-data/Ver-1/Engcard/vendor/laravel/sanctum/src/Sanctum.php(47): config('app.url')
#8 /Users/ahitotsui/Documents/web_app_project/Engcard-related-data/Ver-1/Engcard/config/sanctum.php(21): Laravel\\Sanctum\\Sanctum::currentApplicationUrlWithPort()
#9 /Users/ahitotsui/Documents/web_app_project/Engcard-related-data/Ver-1/Engcard/vendor/laravel/framework/src/Illuminate/Foundation/Bootstrap/LoadConfiguration.php(115): require('/Users/ahitotsu...')
#10 /Users/ahitotsui/Documents/web_app_project/Engcard-related-data/Ver-1/Engcard/vendor/laravel/framework/src/Illuminate/Foundation/Bootstrap/LoadConfiguration.php(115): Illuminate\\Foundation\\Bootstrap\\LoadConfiguration->{closure:Illuminate\\Foundation\\Bootstrap\\LoadConfiguration::loadConfigurationFile():115}()
#11 /Users/ahitotsui/Documents/web_app_project/Engcard-related-data/Ver-1/Engcard/vendor/laravel/framework/src/Illuminate/Foundation/Bootstrap/LoadConfiguration.php(96): Illuminate\\Foundation\\Bootstrap\\LoadConfiguration->loadConfigurationFile(Object(Illuminate\\Config\\Repository), 'sanctum', '/Users/ahitotsu...', Array)
#12 /Users/ahitotsui/Documents/web_app_project/Engcard-related-data/Ver-1/Engcard/vendor/laravel/framework/src/Illuminate/Foundation/Bootstrap/LoadConfiguration.php(55): Illuminate\\Foundation\\Bootstrap\\LoadConfiguration->loadConfigurationFiles(Object(Illuminate\\Foundation\\Application), Object(Illuminate\\Config\\Repository))
#13 /Users/ahitotsui/Documents/web_app_project/Engcard-related-data/Ver-1/Engcard/vendor/laravel/framework/src/Illuminate/Foundation/Application.php(342): Illuminate\\Foundation\\Bootstrap\\LoadConfiguration->bootstrap(Object(Illuminate\\Foundation\\Application))
#14 /Users/ahitotsui/Documents/web_app_project/Engcard-related-data/Ver-1/Engcard/vendor/laravel/framework/src/Illuminate/Foundation/Http/Kernel.php(186): Illuminate\\Foundation\\Application->bootstrapWith(Array)
#15 /Users/ahitotsui/Documents/web_app_project/Engcard-related-data/Ver-1/Engcard/vendor/laravel/framework/src/Illuminate/Foundation/Http/Kernel.php(170): Illuminate\\Foundation\\Http\\Kernel->bootstrap()
#16 /Users/ahitotsui/Documents/web_app_project/Engcard-related-data/Ver-1/Engcard/vendor/laravel/framework/src/Illuminate/Foundation/Http/Kernel.php(144): Illuminate\\Foundation\\Http\\Kernel->sendRequestThroughRouter(Object(Illuminate\\Http\\Request))
#17 /Users/ahitotsui/Documents/web_app_project/Engcard-related-data/Ver-1/Engcard/public/index.php(51): Illuminate\\Foundation\\Http\\Kernel->handle(Object(Illuminate\\Http\\Request))
#18 /Users/ahitotsui/Documents/web_app_project/Engcard-related-data/Ver-1/Engcard/vendor/laravel/framework/src/Illuminate/Foundation/resources/server.php(23): require_once('/Users/ahitotsu...')
#19 {main}
"} 
[2026-03-22 00:05:55] production.ERROR: Target class [config] does not exist. {"exception":"[object] (Illuminate\\Contracts\\Container\\BindingResolutionException(code: 0): Target class [config] does not exist. at /Users/ahitotsui/Documents/web_app_project/Engcard-related-data/Ver-1/Engcard/vendor/laravel/framework/src/Illuminate/Container/Container.php:1127)
[stacktrace]
#0 /Users/ahitotsui/Documents/web_app_project/Engcard-related-data/Ver-1/Engcard/vendor/laravel/framework/src/Illuminate/Container/Container.php(936): Illuminate\\Container\\Container->build('config')
#1 /Users/ahitotsui/Documents/web_app_project/Engcard-related-data/Ver-1/Engcard/vendor/laravel/framework/src/Illuminate/Foundation/Application.php(1078): Illuminate\\Container\\Container->resolve('config', Array, true)
#2 /Users/ahitotsui/Documents/web_app_project/Engcard-related-data/Ver-1/Engcard/vendor/laravel/framework/src/Illuminate/Container/Container.php(864): Illuminate\\Foundation\\Application->resolve('config', Array)
#3 /Users/ahitotsui/Documents/web_app_project/Engcard-related-data/Ver-1/Engcard/vendor/laravel/framework/src/Illuminate/Foundation/Application.php(1058): Illuminate\\Container\\Container->make('config', Array)
#4 /Users/ahitotsui/Documents/web_app_project/Engcard-related-data/Ver-1/Engcard/vendor/laravel/framework/src/Illuminate/Foundation/helpers.php(138): Illuminate\\Foundation\\Application->make('config', Array)
#5 /Users/ahitotsui/Documents/web_app_project/Engcard-related-data/Ver-1/Engcard/vendor/laravel/framework/src/Illuminate/Foundation/helpers.php(321): app('config')
#6 /Users/ahitotsui/Documents/web_app_project/Engcard-related-data/Ver-1/Engcard/vendor/laravel/sanctum/src/Sanctum.php(47): config('app.url')
#7 /Users/ahitotsui/Documents/web_app_project/Engcard-related-data/Ver-1/Engcard/config/sanctum.php(21): Laravel\\Sanctum\\Sanctum::currentApplicationUrlWithPort()
#8 /Users/ahitotsui/Documents/web_app_project/Engcard-related-data/Ver-1/Engcard/vendor/laravel/framework/src/Illuminate/Foundation/Bootstrap/LoadConfiguration.php(115): require('/Users/ahitotsu...')
#9 /Users/ahitotsui/Documents/web_app_project/Engcard-related-data/Ver-1/Engcard/vendor/laravel/framework/src/Illuminate/Foundation/Bootstrap/LoadConfiguration.php(115): Illuminate\\Foundation\\Bootstrap\\LoadConfiguration->{closure:Illuminate\\Foundation\\Bootstrap\\LoadConfiguration::loadConfigurationFile():115}()
#10 /Users/ahitotsui/Documents/web_app_project/Engcard-related-data/Ver-1/Engcard/vendor/laravel/framework/src/Illuminate/Foundation/Bootstrap/LoadConfiguration.php(96): Illuminate\\Foundation\\Bootstrap\\LoadConfiguration->loadConfigurationFile(Object(Illuminate\\Config\\Repository), 'sanctum', '/Users/ahitotsu...', Array)
#11 /Users/ahitotsui/Documents/web_app_project/Engcard-related-data/Ver-1/Engcard/vendor/laravel/framework/src/Illuminate/Foundation/Bootstrap/LoadConfiguration.php(55): Illuminate\\Foundation\\Bootstrap\\LoadConfiguration->loadConfigurationFiles(Object(Illuminate\\Foundation\\Application), Object(Illuminate\\Config\\Repository))
#12 /Users/ahitotsui/Documents/web_app_project/Engcard-related-data/Ver-1/Engcard/vendor/laravel/framework/src/Illuminate/Foundation/Application.php(342): Illuminate\\Foundation\\Bootstrap\\LoadConfiguration->bootstrap(Object(Illuminate\\Foundation\\Application))
#13 /Users/ahitotsui/Documents/web_app_project/Engcard-related-data/Ver-1/Engcard/vendor/laravel/framework/src/Illuminate/Foundation/Http/Kernel.php(186): Illuminate\\Foundation\\Application->bootstrapWith(Array)
#14 /Users/ahitotsui/Documents/web_app_project/Engcard-related-data/Ver-1/Engcard/vendor/laravel/framework/src/Illuminate/Foundation/Http/Kernel.php(170): Illuminate\\Foundation\\Http\\Kernel->bootstrap()
#15 /Users/ahitotsui/Documents/web_app_project/Engcard-related-data/Ver-1/Engcard/vendor/laravel/framework/src/Illuminate/Foundation/Http/Kernel.php(144): Illuminate\\Foundation\\Http\\Kernel->sendRequestThroughRouter(Object(Illuminate\\Http\\Request))
#16 /Users/ahitotsui/Documents/web_app_project/Engcard-related-data/Ver-1/Engcard/public/index.php(51): Illuminate\\Foundation\\Http\\Kernel->handle(Object(Illuminate\\Http\\Request))
#17 /Users/ahitotsui/Documents/web_app_project/Engcard-related-data/Ver-1/Engcard/vendor/laravel/framework/src/Illuminate/Foundation/resources/server.php(23): require_once('/Users/ahitotsu...')
#18 {main}

[previous exception] [object] (ReflectionException(code: -1): Class \"config\" does not exist at /Users/ahitotsui/Documents/web_app_project/Engcard-related-data/Ver-1/Engcard/vendor/laravel/framework/src/Illuminate/Container/Container.php:1125)
[stacktrace]
#0 /Users/ahitotsui/Documents/web_app_project/Engcard-related-data/Ver-1/Engcard/vendor/laravel/framework/src/Illuminate/Container/Container.php(1125): ReflectionClass->__construct('config')
#1 /Users/ahitotsui/Documents/web_app_project/Engcard-related-data/Ver-1/Engcard/vendor/laravel/framework/src/Illuminate/Container/Container.php(936): Illuminate\\Container\\Container->build('config')
#2 /Users/ahitotsui/Documents/web_app_project/Engcard-related-data/Ver-1/Engcard/vendor/laravel/framework/src/Illuminate/Foundation/Application.php(1078): Illuminate\\Container\\Container->resolve('config', Array, true)
#3 /Users/ahitotsui/Documents/web_app_project/Engcard-related-data/Ver-1/Engcard/vendor/laravel/framework/src/Illuminate/Container/Container.php(864): Illuminate\\Foundation\\Application->resolve('config', Array)
#4 /Users/ahitotsui/Documents/web_app_project/Engcard-related-data/Ver-1/Engcard/vendor/laravel/framework/src/Illuminate/Foundation/Application.php(1058): Illuminate\\Container\\Container->make('config', Array)
#5 /Users/ahitotsui/Documents/web_app_project/Engcard-related-data/Ver-1/Engcard/vendor/laravel/framework/src/Illuminate/Foundation/helpers.php(138): Illuminate\\Foundation\\Application->make('config', Array)
#6 /Users/ahitotsui/Documents/web_app_project/Engcard-related-data/Ver-1/Engcard/vendor/laravel/framework/src/Illuminate/Foundation/helpers.php(321): app('config')
#7 /Users/ahitotsui/Documents/web_app_project/Engcard-related-data/Ver-1/Engcard/vendor/laravel/sanctum/src/Sanctum.php(47): config('app.url')
#8 /Users/ahitotsui/Documents/web_app_project/Engcard-related-data/Ver-1/Engcard/config/sanctum.php(21): Laravel\\Sanctum\\Sanctum::currentApplicationUrlWithPort()
#9 /Users/ahitotsui/Documents/web_app_project/Engcard-related-data/Ver-1/Engcard/vendor/laravel/framework/src/Illuminate/Foundation/Bootstrap/LoadConfiguration.php(115): require('/Users/ahitotsu...')
#10 /Users/ahitotsui/Documents/web_app_project/Engcard-related-data/Ver-1/Engcard/vendor/laravel/framework/src/Illuminate/Foundation/Bootstrap/LoadConfiguration.php(115): Illuminate\\Foundation\\Bootstrap\\LoadConfiguration->{closure:Illuminate\\Foundation\\Bootstrap\\LoadConfiguration::loadConfigurationFile():115}()
#11 /Users/ahitotsui/Documents/web_app_project/Engcard-related-data/Ver-1/Engcard/vendor/laravel/framework/src/Illuminate/Foundation/Bootstrap/LoadConfiguration.php(96): Illuminate\\Foundation\\Bootstrap\\LoadConfiguration->loadConfigurationFile(Object(Illuminate\\Config\\Repository), 'sanctum', '/Users/ahitotsu...', Array)
#12 /Users/ahitotsui/Documents/web_app_project/Engcard-related-data/Ver-1/Engcard/vendor/laravel/framework/src/Illuminate/Foundation/Bootstrap/LoadConfiguration.php(55): Illuminate\\Foundation\\Bootstrap\\LoadConfiguration->loadConfigurationFiles(Object(Illuminate\\Foundation\\Application), Object(Illuminate\\Config\\Repository))
#13 /Users/ahitotsui/Documents/web_app_project/Engcard-related-data/Ver-1/Engcard/vendor/laravel/framework/src/Illuminate/Foundation/Application.php(342): Illuminate\\Foundation\\Bootstrap\\LoadConfiguration->bootstrap(Object(Illuminate\\Foundation\\Application))
#14 /Users/ahitotsui/Documents/web_app_project/Engcard-related-data/Ver-1/Engcard/vendor/laravel/framework/src/Illuminate/Foundation/Http/Kernel.php(186): Illuminate\\Foundation\\Application->bootstrapWith(Array)
#15 /Users/ahitotsui/Documents/web_app_project/Engcard-related-data/Ver-1/Engcard/vendor/laravel/framework/src/Illuminate/Foundation/Http/Kernel.php(170): Illuminate\\Foundation\\Http\\Kernel->bootstrap()
#16 /Users/ahitotsui/Documents/web_app_project/Engcard-related-data/Ver-1/Engcard/vendor/laravel/framework/src/Illuminate/Foundation/Http/Kernel.php(144): Illuminate\\Foundation\\Http\\Kernel->sendRequestThroughRouter(Object(Illuminate\\Http\\Request))
#17 /Users/ahitotsui/Documents/web_app_project/Engcard-related-data/Ver-1/Engcard/public/index.php(51): Illuminate\\Foundation\\Http\\Kernel->handle(Object(Illuminate\\Http\\Request))
#18 /Users/ahitotsui/Documents/web_app_project/Engcard-related-data/Ver-1/Engcard/vendor/laravel/framework/src/Illuminate/Foundation/resources/server.php(23): require_once('/Users/ahitotsu...')
#19 {main}
"} 
[2026-03-22 00:05:55] production.ERROR: Target class [config] does not exist. {"exception":"[object] (Illuminate\\Contracts\\Container\\BindingResolutionException(code: 0): Target class [config] does not exist. at /Users/ahitotsui/Documents/web_app_project/Engcard-related-data/Ver-1/Engcard/vendor/laravel/framework/src/Illuminate/Container/Container.php:1127)
[stacktrace]
#0 /Users/ahitotsui/Documents/web_app_project/Engcard-related-data/Ver-1/Engcard/vendor/laravel/framework/src/Illuminate/Container/Container.php(936): Illuminate\\Container\\Container->build('config')
#1 /Users/ahitotsui/Documents/web_app_project/Engcard-related-data/Ver-1/Engcard/vendor/laravel/framework/src/Illuminate/Foundation/Application.php(1078): Illuminate\\Container\\Container->resolve('config', Array, true)
#2 /Users/ahitotsui/Documents/web_app_project/Engcard-related-data/Ver-1/Engcard/vendor/laravel/framework/src/Illuminate/Container/Container.php(864): Illuminate\\Foundation\\Application->resolve('config', Array)
#3 /Users/ahitotsui/Documents/web_app_project/Engcard-related-data/Ver-1/Engcard/vendor/laravel/framework/src/Illuminate/Foundation/Application.php(1058): Illuminate\\Container\\Container->make('config', Array)
#4 /Users/ahitotsui/Documents/web_app_project/Engcard-related-data/Ver-1/Engcard/vendor/laravel/framework/src/Illuminate/Foundation/helpers.php(138): Illuminate\\Foundation\\Application->make('config', Array)
#5 /Users/ahitotsui/Documents/web_app_project/Engcard-related-data/Ver-1/Engcard/vendor/laravel/framework/src/Illuminate/Foundation/helpers.php(321): app('config')
#6 /Users/ahitotsui/Documents/web_app_project/Engcard-related-data/Ver-1/Engcard/vendor/laravel/sanctum/src/Sanctum.php(47): config('app.url')
#7 /Users/ahitotsui/Documents/web_app_project/Engcard-related-data/Ver-1/Engcard/config/sanctum.php(21): Laravel\\Sanctum\\Sanctum::currentApplicationUrlWithPort()
#8 /Users/ahitotsui/Documents/web_app_project/Engcard-related-data/Ver-1/Engcard/vendor/laravel/framework/src/Illuminate/Foundation/Bootstrap/LoadConfiguration.php(115): require('/Users/ahitotsu...')
#9 /Users/ahitotsui/Documents/web_app_project/Engcard-related-data/Ver-1/Engcard/vendor/laravel/framework/src/Illuminate/Foundation/Bootstrap/LoadConfiguration.php(115): Illuminate\\Foundation\\Bootstrap\\LoadConfiguration->{closure:Illuminate\\Foundation\\Bootstrap\\LoadConfiguration::loadConfigurationFile():115}()
#10 /Users/ahitotsui/Documents/web_app_project/Engcard-related-data/Ver-1/Engcard/vendor/laravel/framework/src/Illuminate/Foundation/Bootstrap/LoadConfiguration.php(96): Illuminate\\Foundation\\Bootstrap\\LoadConfiguration->loadConfigurationFile(Object(Illuminate\\Config\\Repository), 'sanctum', '/Users/ahitotsu...', Array)
#11 /Users/ahitotsui/Documents/web_app_project/Engcard-related-data/Ver-1/Engcard/vendor/laravel/framework/src/Illuminate/Foundation/Bootstrap/LoadConfiguration.php(55): Illuminate\\Foundation\\Bootstrap\\LoadConfiguration->loadConfigurationFiles(Object(Illuminate\\Foundation\\Application), Object(Illuminate\\Config\\Repository))
#12 /Users/ahitotsui/Documents/web_app_project/Engcard-related-data/Ver-1/Engcard/vendor/laravel/framework/src/Illuminate/Foundation/Application.php(342): Illuminate\\Foundation\\Bootstrap\\LoadConfiguration->bootstrap(Object(Illuminate\\Foundation\\Application))
#13 /Users/ahitotsui/Documents/web_app_project/Engcard-related-data/Ver-1/Engcard/vendor/laravel/framework/src/Illuminate/Foundation/Http/Kernel.php(186): Illuminate\\Foundation\\Application->bootstrapWith(Array)
#14 /Users/ahitotsui/Documents/web_app_project/Engcard-related-data/Ver-1/Engcard/vendor/laravel/framework/src/Illuminate/Foundation/Http/Kernel.php(170): Illuminate\\Foundation\\Http\\Kernel->bootstrap()
#15 /Users/ahitotsui/Documents/web_app_project/Engcard-related-data/Ver-1/Engcard/vendor/laravel/framework/src/Illuminate/Foundation/Http/Kernel.php(144): Illuminate\\Foundation\\Http\\Kernel->sendRequestThroughRouter(Object(Illuminate\\Http\\Request))
#16 /Users/ahitotsui/Documents/web_app_project/Engcard-related-data/Ver-1/Engcard/public/index.php(51): Illuminate\\Foundation\\Http\\Kernel->handle(Object(Illuminate\\Http\\Request))
#17 /Users/ahitotsui/Documents/web_app_project/Engcard-related-data/Ver-1/Engcard/vendor/laravel/framework/src/Illuminate/Foundation/resources/server.php(23): require_once('/Users/ahitotsu...')
#18 {main}

[previous exception] [object] (ReflectionException(code: -1): Class \"config\" does not exist at /Users/ahitotsui/Documents/web_app_project/Engcard-related-data/Ver-1/Engcard/vendor/laravel/framework/src/Illuminate/Container/Container.php:1125)
[stacktrace]
#0 /Users/ahitotsui/Documents/web_app_project/Engcard-related-data/Ver-1/Engcard/vendor/laravel/framework/src/Illuminate/Container/Container.php(1125): ReflectionClass->__construct('config')
#1 /Users/ahitotsui/Documents/web_app_project/Engcard-related-data/Ver-1/Engcard/vendor/laravel/framework/src/Illuminate/Container/Container.php(936): Illuminate\\Container\\Container->build('config')
#2 /Users/ahitotsui/Documents/web_app_project/Engcard-related-data/Ver-1/Engcard/vendor/laravel/framework/src/Illuminate/Foundation/Application.php(1078): Illuminate\\Container\\Container->resolve('config', Array, true)
#3 /Users/ahitotsui/Documents/web_app_project/Engcard-related-data/Ver-1/Engcard/vendor/laravel/framework/src/Illuminate/Container/Container.php(864): Illuminate\\Foundation\\Application->resolve('config', Array)
#4 /Users/ahitotsui/Documents/web_app_project/Engcard-related-data/Ver-1/Engcard/vendor/laravel/framework/src/Illuminate/Foundation/Application.php(1058): Illuminate\\Container\\Container->make('config', Array)
#5 /Users/ahitotsui/Documents/web_app_project/Engcard-related-data/Ver-1/Engcard/vendor/laravel/framework/src/Illuminate/Foundation/helpers.php(138): Illuminate\\Foundation\\Application->make('config', Array)
#6 /Users/ahitotsui/Documents/web_app_project/Engcard-related-data/Ver-1/Engcard/vendor/laravel/framework/src/Illuminate/Foundation/helpers.php(321): app('config')
#7 /Users/ahitotsui/Documents/web_app_project/Engcard-related-data/Ver-1/Engcard/vendor/laravel/sanctum/src/Sanctum.php(47): config('app.url')
#8 /Users/ahitotsui/Documents/web_app_project/Engcard-related-data/Ver-1/Engcard/config/sanctum.php(21): Laravel\\Sanctum\\Sanctum::currentApplicationUrlWithPort()
#9 /Users/ahitotsui/Documents/web_app_project/Engcard-related-data/Ver-1/Engcard/vendor/laravel/framework/src/Illuminate/Foundation/Bootstrap/LoadConfiguration.php(115): require('/Users/ahitotsu...')
#10 /Users/ahitotsui/Documents/web_app_project/Engcard-related-data/Ver-1/Engcard/vendor/laravel/framework/src/Illuminate/Foundation/Bootstrap/LoadConfiguration.php(115): Illuminate\\Foundation\\Bootstrap\\LoadConfiguration->{closure:Illuminate\\Foundation\\Bootstrap\\LoadConfiguration::loadConfigurationFile():115}()
#11 /Users/ahitotsui/Documents/web_app_project/Engcard-related-data/Ver-1/Engcard/vendor/laravel/framework/src/Illuminate/Foundation/Bootstrap/LoadConfiguration.php(96): Illuminate\\Foundation\\Bootstrap\\LoadConfiguration->loadConfigurationFile(Object(Illuminate\\Config\\Repository), 'sanctum', '/Users/ahitotsu...', Array)
#12 /Users/ahitotsui/Documents/web_app_project/Engcard-related-data/Ver-1/Engcard/vendor/laravel/framework/src/Illuminate/Foundation/Bootstrap/LoadConfiguration.php(55): Illuminate\\Foundation\\Bootstrap\\LoadConfiguration->loadConfigurationFiles(Object(Illuminate\\Foundation\\Application), Object(Illuminate\\Config\\Repository))
#13 /Users/ahitotsui/Documents/web_app_project/Engcard-related-data/Ver-1/Engcard/vendor/laravel/framework/src/Illuminate/Foundation/Application.php(342): Illuminate\\Foundation\\Bootstrap\\LoadConfiguration->bootstrap(Object(Illuminate\\Foundation\\Application))
#14 /Users/ahitotsui/Documents/web_app_project/Engcard-related-data/Ver-1/Engcard/vendor/laravel/framework/src/Illuminate/Foundation/Http/Kernel.php(186): Illuminate\\Foundation\\Application->bootstrapWith(Array)
#15 /Users/ahitotsui/Documents/web_app_project/Engcard-related-data/Ver-1/Engcard/vendor/laravel/framework/src/Illuminate/Foundation/Http/Kernel.php(170): Illuminate\\Foundation\\Http\\Kernel->bootstrap()
#16 /Users/ahitotsui/Documents/web_app_project/Engcard-related-data/Ver-1/Engcard/vendor/laravel/framework/src/Illuminate/Foundation/Http/Kernel.php(144): Illuminate\\Foundation\\Http\\Kernel->sendRequestThroughRouter(Object(Illuminate\\Http\\Request))
#17 /Users/ahitotsui/Documents/web_app_project/Engcard-related-data/Ver-1/Engcard/public/index.php(51): Illuminate\\Foundation\\Http\\Kernel->handle(Object(Illuminate\\Http\\Request))
#18 /Users/ahitotsui/Documents/web_app_project/Engcard-related-data/Ver-1/Engcard/vendor/laravel/framework/src/Illuminate/Foundation/resources/server.php(23): require_once('/Users/ahitotsu...')
#19 {main}
"} 
[2026-03-22 00:11:24] production.ERROR: Target class [config] does not exist. {"exception":"[object] (Illuminate\\Contracts\\Container\\BindingResolutionException(code: 0): Target class [config] does not exist. at /Users/ahitotsui/Documents/web_app_project/Engcard-related-data/Ver-1/Engcard/vendor/laravel/framework/src/Illuminate/Container/Container.php:1127)
[stacktrace]
#0 /Users/ahitotsui/Documents/web_app_project/Engcard-related-data/Ver-1/Engcard/vendor/laravel/framework/src/Illuminate/Container/Container.php(936): Illuminate\\Container\\Container->build('config')
#1 /Users/ahitotsui/Documents/web_app_project/Engcard-related-data/Ver-1/Engcard/vendor/laravel/framework/src/Illuminate/Foundation/Application.php(1078): Illuminate\\Container\\Container->resolve('config', Array, true)
#2 /Users/ahitotsui/Documents/web_app_project/Engcard-related-data/Ver-1/Engcard/vendor/laravel/framework/src/Illuminate/Container/Container.php(864): Illuminate\\Foundation\\Application->resolve('config', Array)
#3 /Users/ahitotsui/Documents/web_app_project/Engcard-related-data/Ver-1/Engcard/vendor/laravel/framework/src/Illuminate/Foundation/Application.php(1058): Illuminate\\Container\\Container->make('config', Array)
#4 /Users/ahitotsui/Documents/web_app_project/Engcard-related-data/Ver-1/Engcard/vendor/laravel/framework/src/Illuminate/Foundation/helpers.php(138): Illuminate\\Foundation\\Application->make('config', Array)
#5 /Users/ahitotsui/Documents/web_app_project/Engcard-related-data/Ver-1/Engcard/vendor/laravel/framework/src/Illuminate/Foundation/helpers.php(321): app('config')
#6 /Users/ahitotsui/Documents/web_app_project/Engcard-related-data/Ver-1/Engcard/vendor/laravel/sanctum/src/Sanctum.php(47): config('app.url')
#7 /Users/ahitotsui/Documents/web_app_project/Engcard-related-data/Ver-1/Engcard/config/sanctum.php(21): Laravel\\Sanctum\\Sanctum::currentApplicationUrlWithPort()
#8 /Users/ahitotsui/Documents/web_app_project/Engcard-related-data/Ver-1/Engcard/vendor/laravel/framework/src/Illuminate/Foundation/Bootstrap/LoadConfiguration.php(115): require('/Users/ahitotsu...')
#9 /Users/ahitotsui/Documents/web_app_project/Engcard-related-data/Ver-1/Engcard/vendor/laravel/framework/src/Illuminate/Foundation/Bootstrap/LoadConfiguration.php(115): Illuminate\\Foundation\\Bootstrap\\LoadConfiguration->{closure:Illuminate\\Foundation\\Bootstrap\\LoadConfiguration::loadConfigurationFile():115}()
#10 /Users/ahitotsui/Documents/web_app_project/Engcard-related-data/Ver-1/Engcard/vendor/laravel/framework/src/Illuminate/Foundation/Bootstrap/LoadConfiguration.php(96): Illuminate\\Foundation\\Bootstrap\\LoadConfiguration->loadConfigurationFile(Object(Illuminate\\Config\\Repository), 'sanctum', '/Users/ahitotsu...', Array)
#11 /Users/ahitotsui/Documents/web_app_project/Engcard-related-data/Ver-1/Engcard/vendor/laravel/framework/src/Illuminate/Foundation/Bootstrap/LoadConfiguration.php(55): Illuminate\\Foundation\\Bootstrap\\LoadConfiguration->loadConfigurationFiles(Object(Illuminate\\Foundation\\Application), Object(Illuminate\\Config\\Repository))
#12 /Users/ahitotsui/Documents/web_app_project/Engcard-related-data/Ver-1/Engcard/vendor/laravel/framework/src/Illuminate/Foundation/Application.php(342): Illuminate\\Foundation\\Bootstrap\\LoadConfiguration->bootstrap(Object(Illuminate\\Foundation\\Application))
#13 /Users/ahitotsui/Documents/web_app_project/Engcard-related-data/Ver-1/Engcard/vendor/laravel/framework/src/Illuminate/Foundation/Http/Kernel.php(186): Illuminate\\Foundation\\Application->bootstrapWith(Array)
#14 /Users/ahitotsui/Documents/web_app_project/Engcard-related-data/Ver-1/Engcard/vendor/laravel/framework/src/Illuminate/Foundation/Http/Kernel.php(170): Illuminate\\Foundation\\Http\\Kernel->bootstrap()
#15 /Users/ahitotsui/Documents/web_app_project/Engcard-related-data/Ver-1/Engcard/vendor/laravel/framework/src/Illuminate/Foundation/Http/Kernel.php(144): Illuminate\\Foundation\\Http\\Kernel->sendRequestThroughRouter(Object(Illuminate\\Http\\Request))
#16 /Users/ahitotsui/Documents/web_app_project/Engcard-related-data/Ver-1/Engcard/public/index.php(51): Illuminate\\Foundation\\Http\\Kernel->handle(Object(Illuminate\\Http\\Request))
#17 /Users/ahitotsui/Documents/web_app_project/Engcard-related-data/Ver-1/Engcard/vendor/laravel/framework/src/Illuminate/Foundation/resources/server.php(23): require_once('/Users/ahitotsu...')
#18 {main}

[previous exception] [object] (ReflectionException(code: -1): Class \"config\" does not exist at /Users/ahitotsui/Documents/web_app_project/Engcard-related-data/Ver-1/Engcard/vendor/laravel/framework/src/Illuminate/Container/Container.php:1125)
[stacktrace]
#0 /Users/ahitotsui/Documents/web_app_project/Engcard-related-data/Ver-1/Engcard/vendor/laravel/framework/src/Illuminate/Container/Container.php(1125): ReflectionClass->__construct('config')
#1 /Users/ahitotsui/Documents/web_app_project/Engcard-related-data/Ver-1/Engcard/vendor/laravel/framework/src/Illuminate/Container/Container.php(936): Illuminate\\Container\\Container->build('config')
#2 /Users/ahitotsui/Documents/web_app_project/Engcard-related-data/Ver-1/Engcard/vendor/laravel/framework/src/Illuminate/Foundation/Application.php(1078): Illuminate\\Container\\Container->resolve('config', Array, true)
#3 /Users/ahitotsui/Documents/web_app_project/Engcard-related-data/Ver-1/Engcard/vendor/laravel/framework/src/Illuminate/Container/Container.php(864): Illuminate\\Foundation\\Application->resolve('config', Array)
#4 /Users/ahitotsui/Documents/web_app_project/Engcard-related-data/Ver-1/Engcard/vendor/laravel/framework/src/Illuminate/Foundation/Application.php(1058): Illuminate\\Container\\Container->make('config', Array)
#5 /Users/ahitotsui/Documents/web_app_project/Engcard-related-data/Ver-1/Engcard/vendor/laravel/framework/src/Illuminate/Foundation/helpers.php(138): Illuminate\\Foundation\\Application->make('config', Array)
#6 /Users/ahitotsui/Documents/web_app_project/Engcard-related-data/Ver-1/Engcard/vendor/laravel/framework/src/Illuminate/Foundation/helpers.php(321): app('config')
#7 /Users/ahitotsui/Documents/web_app_project/Engcard-related-data/Ver-1/Engcard/vendor/laravel/sanctum/src/Sanctum.php(47): config('app.url')
#8 /Users/ahitotsui/Documents/web_app_project/Engcard-related-data/Ver-1/Engcard/config/sanctum.php(21): Laravel\\Sanctum\\Sanctum::currentApplicationUrlWithPort()
#9 /Users/ahitotsui/Documents/web_app_project/Engcard-related-data/Ver-1/Engcard/vendor/laravel/framework/src/Illuminate/Foundation/Bootstrap/LoadConfiguration.php(115): require('/Users/ahitotsu...')
#10 /Users/ahitotsui/Documents/web_app_project/Engcard-related-data/Ver-1/Engcard/vendor/laravel/framework/src/Illuminate/Foundation/Bootstrap/LoadConfiguration.php(115): Illuminate\\Foundation\\Bootstrap\\LoadConfiguration->{closure:Illuminate\\Foundation\\Bootstrap\\LoadConfiguration::loadConfigurationFile():115}()
#11 /Users/ahitotsui/Documents/web_app_project/Engcard-related-data/Ver-1/Engcard/vendor/laravel/framework/src/Illuminate/Foundation/Bootstrap/LoadConfiguration.php(96): Illuminate\\Foundation\\Bootstrap\\LoadConfiguration->loadConfigurationFile(Object(Illuminate\\Config\\Repository), 'sanctum', '/Users/ahitotsu...', Array)
#12 /Users/ahitotsui/Documents/web_app_project/Engcard-related-data/Ver-1/Engcard/vendor/laravel/framework/src/Illuminate/Foundation/Bootstrap/LoadConfiguration.php(55): Illuminate\\Foundation\\Bootstrap\\LoadConfiguration->loadConfigurationFiles(Object(Illuminate\\Foundation\\Application), Object(Illuminate\\Config\\Repository))
#13 /Users/ahitotsui/Documents/web_app_project/Engcard-related-data/Ver-1/Engcard/vendor/laravel/framework/src/Illuminate/Foundation/Application.php(342): Illuminate\\Foundation\\Bootstrap\\LoadConfiguration->bootstrap(Object(Illuminate\\Foundation\\Application))
#14 /Users/ahitotsui/Documents/web_app_project/Engcard-related-data/Ver-1/Engcard/vendor/laravel/framework/src/Illuminate/Foundation/Http/Kernel.php(186): Illuminate\\Foundation\\Application->bootstrapWith(Array)
#15 /Users/ahitotsui/Documents/web_app_project/Engcard-related-data/Ver-1/Engcard/vendor/laravel/framework/src/Illuminate/Foundation/Http/Kernel.php(170): Illuminate\\Foundation\\Http\\Kernel->bootstrap()
#16 /Users/ahitotsui/Documents/web_app_project/Engcard-related-data/Ver-1/Engcard/vendor/laravel/framework/src/Illuminate/Foundation/Http/Kernel.php(144): Illuminate\\Foundation\\Http\\Kernel->sendRequestThroughRouter(Object(Illuminate\\Http\\Request))
#17 /Users/ahitotsui/Documents/web_app_project/Engcard-related-data/Ver-1/Engcard/public/index.php(51): Illuminate\\Foundation\\Http\\Kernel->handle(Object(Illuminate\\Http\\Request))
#18 /Users/ahitotsui/Documents/web_app_project/Engcard-related-data/Ver-1/Engcard/vendor/laravel/framework/src/Illuminate/Foundation/resources/server.php(23): require_once('/Users/ahitotsu...')
#19 {main}
"} 
[2026-03-22 00:11:25] production.ERROR: Target class [config] does not exist. {"exception":"[object] (Illuminate\\Contracts\\Container\\BindingResolutionException(code: 0): Target class [config] does not exist. at /Users/ahitotsui/Documents/web_app_project/Engcard-related-data/Ver-1/Engcard/vendor/laravel/framework/src/Illuminate/Container/Container.php:1127)
[stacktrace]
#0 /Users/ahitotsui/Documents/web_app_project/Engcard-related-data/Ver-1/Engcard/vendor/laravel/framework/src/Illuminate/Container/Container.php(936): Illuminate\\Container\\Container->build('config')
#1 /Users/ahitotsui/Documents/web_app_project/Engcard-related-data/Ver-1/Engcard/vendor/laravel/framework/src/Illuminate/Foundation/Application.php(1078): Illuminate\\Container\\Container->resolve('config', Array, true)
#2 /Users/ahitotsui/Documents/web_app_project/Engcard-related-data/Ver-1/Engcard/vendor/laravel/framework/src/Illuminate/Container/Container.php(864): Illuminate\\Foundation\\Application->resolve('config', Array)
#3 /Users/ahitotsui/Documents/web_app_project/Engcard-related-data/Ver-1/Engcard/vendor/laravel/framework/src/Illuminate/Foundation/Application.php(1058): Illuminate\\Container\\Container->make('config', Array)
#4 /Users/ahitotsui/Documents/web_app_project/Engcard-related-data/Ver-1/Engcard/vendor/laravel/framework/src/Illuminate/Foundation/helpers.php(138): Illuminate\\Foundation\\Application->make('config', Array)
#5 /Users/ahitotsui/Documents/web_app_project/Engcard-related-data/Ver-1/Engcard/vendor/laravel/framework/src/Illuminate/Foundation/helpers.php(321): app('config')
#6 /Users/ahitotsui/Documents/web_app_project/Engcard-related-data/Ver-1/Engcard/vendor/laravel/sanctum/src/Sanctum.php(47): config('app.url')
#7 /Users/ahitotsui/Documents/web_app_project/Engcard-related-data/Ver-1/Engcard/config/sanctum.php(21): Laravel\\Sanctum\\Sanctum::currentApplicationUrlWithPort()
#8 /Users/ahitotsui/Documents/web_app_project/Engcard-related-data/Ver-1/Engcard/vendor/laravel/framework/src/Illuminate/Foundation/Bootstrap/LoadConfiguration.php(115): require('/Users/ahitotsu...')
#9 /Users/ahitotsui/Documents/web_app_project/Engcard-related-data/Ver-1/Engcard/vendor/laravel/framework/src/Illuminate/Foundation/Bootstrap/LoadConfiguration.php(115): Illuminate\\Foundation\\Bootstrap\\LoadConfiguration->{closure:Illuminate\\Foundation\\Bootstrap\\LoadConfiguration::loadConfigurationFile():115}()
#10 /Users/ahitotsui/Documents/web_app_project/Engcard-related-data/Ver-1/Engcard/vendor/laravel/framework/src/Illuminate/Foundation/Bootstrap/LoadConfiguration.php(96): Illuminate\\Foundation\\Bootstrap\\LoadConfiguration->loadConfigurationFile(Object(Illuminate\\Config\\Repository), 'sanctum', '/Users/ahitotsu...', Array)
#11 /Users/ahitotsui/Documents/web_app_project/Engcard-related-data/Ver-1/Engcard/vendor/laravel/framework/src/Illuminate/Foundation/Bootstrap/LoadConfiguration.php(55): Illuminate\\Foundation\\Bootstrap\\LoadConfiguration->loadConfigurationFiles(Object(Illuminate\\Foundation\\Application), Object(Illuminate\\Config\\Repository))
#12 /Users/ahitotsui/Documents/web_app_project/Engcard-related-data/Ver-1/Engcard/vendor/laravel/framework/src/Illuminate/Foundation/Application.php(342): Illuminate\\Foundation\\Bootstrap\\LoadConfiguration->bootstrap(Object(Illuminate\\Foundation\\Application))
#13 /Users/ahitotsui/Documents/web_app_project/Engcard-related-data/Ver-1/Engcard/vendor/laravel/framework/src/Illuminate/Foundation/Http/Kernel.php(186): Illuminate\\Foundation\\Application->bootstrapWith(Array)
#14 /Users/ahitotsui/Documents/web_app_project/Engcard-related-data/Ver-1/Engcard/vendor/laravel/framework/src/Illuminate/Foundation/Http/Kernel.php(170): Illuminate\\Foundation\\Http\\Kernel->bootstrap()
#15 /Users/ahitotsui/Documents/web_app_project/Engcard-related-data/Ver-1/Engcard/vendor/laravel/framework/src/Illuminate/Foundation/Http/Kernel.php(144): Illuminate\\Foundation\\Http\\Kernel->sendRequestThroughRouter(Object(Illuminate\\Http\\Request))
#16 /Users/ahitotsui/Documents/web_app_project/Engcard-related-data/Ver-1/Engcard/public/index.php(51): Illuminate\\Foundation\\Http\\Kernel->handle(Object(Illuminate\\Http\\Request))
#17 /Users/ahitotsui/Documents/web_app_project/Engcard-related-data/Ver-1/Engcard/vendor/laravel/framework/src/Illuminate/Foundation/resources/server.php(23): require_once('/Users/ahitotsu...')
#18 {main}

[previous exception] [object] (ReflectionException(code: -1): Class \"config\" does not exist at /Users/ahitotsui/Documents/web_app_project/Engcard-related-data/Ver-1/Engcard/vendor/laravel/framework/src/Illuminate/Container/Container.php:1125)
[stacktrace]
#0 /Users/ahitotsui/Documents/web_app_project/Engcard-related-data/Ver-1/Engcard/vendor/laravel/framework/src/Illuminate/Container/Container.php(1125): ReflectionClass->__construct('config')
#1 /Users/ahitotsui/Documents/web_app_project/Engcard-related-data/Ver-1/Engcard/vendor/laravel/framework/src/Illuminate/Container/Container.php(936): Illuminate\\Container\\Container->build('config')
#2 /Users/ahitotsui/Documents/web_app_project/Engcard-related-data/Ver-1/Engcard/vendor/laravel/framework/src/Illuminate/Foundation/Application.php(1078): Illuminate\\Container\\Container->resolve('config', Array, true)
#3 /Users/ahitotsui/Documents/web_app_project/Engcard-related-data/Ver-1/Engcard/vendor/laravel/framework/src/Illuminate/Container/Container.php(864): Illuminate\\Foundation\\Application->resolve('config', Array)
#4 /Users/ahitotsui/Documents/web_app_project/Engcard-related-data/Ver-1/Engcard/vendor/laravel/framework/src/Illuminate/Foundation/Application.php(1058): Illuminate\\Container\\Container->make('config', Array)
#5 /Users/ahitotsui/Documents/web_app_project/Engcard-related-data/Ver-1/Engcard/vendor/laravel/framework/src/Illuminate/Foundation/helpers.php(138): Illuminate\\Foundation\\Application->make('config', Array)
#6 /Users/ahitotsui/Documents/web_app_project/Engcard-related-data/Ver-1/Engcard/vendor/laravel/framework/src/Illuminate/Foundation/helpers.php(321): app('config')
#7 /Users/ahitotsui/Documents/web_app_project/Engcard-related-data/Ver-1/Engcard/vendor/laravel/sanctum/src/Sanctum.php(47): config('app.url')
#8 /Users/ahitotsui/Documents/web_app_project/Engcard-related-data/Ver-1/Engcard/config/sanctum.php(21): Laravel\\Sanctum\\Sanctum::currentApplicationUrlWithPort()
#9 /Users/ahitotsui/Documents/web_app_project/Engcard-related-data/Ver-1/Engcard/vendor/laravel/framework/src/Illuminate/Foundation/Bootstrap/LoadConfiguration.php(115): require('/Users/ahitotsu...')
#10 /Users/ahitotsui/Documents/web_app_project/Engcard-related-data/Ver-1/Engcard/vendor/laravel/framework/src/Illuminate/Foundation/Bootstrap/LoadConfiguration.php(115): Illuminate\\Foundation\\Bootstrap\\LoadConfiguration->{closure:Illuminate\\Foundation\\Bootstrap\\LoadConfiguration::loadConfigurationFile():115}()
#11 /Users/ahitotsui/Documents/web_app_project/Engcard-related-data/Ver-1/Engcard/vendor/laravel/framework/src/Illuminate/Foundation/Bootstrap/LoadConfiguration.php(96): Illuminate\\Foundation\\Bootstrap\\LoadConfiguration->loadConfigurationFile(Object(Illuminate\\Config\\Repository), 'sanctum', '/Users/ahitotsu...', Array)
#12 /Users/ahitotsui/Documents/web_app_project/Engcard-related-data/Ver-1/Engcard/vendor/laravel/framework/src/Illuminate/Foundation/Bootstrap/LoadConfiguration.php(55): Illuminate\\Foundation\\Bootstrap\\LoadConfiguration->loadConfigurationFiles(Object(Illuminate\\Foundation\\Application), Object(Illuminate\\Config\\Repository))
#13 /Users/ahitotsui/Documents/web_app_project/Engcard-related-data/Ver-1/Engcard/vendor/laravel/framework/src/Illuminate/Foundation/Application.php(342): Illuminate\\Foundation\\Bootstrap\\LoadConfiguration->bootstrap(Object(Illuminate\\Foundation\\Application))
#14 /Users/ahitotsui/Documents/web_app_project/Engcard-related-data/Ver-1/Engcard/vendor/laravel/framework/src/Illuminate/Foundation/Http/Kernel.php(186): Illuminate\\Foundation\\Application->bootstrapWith(Array)
#15 /Users/ahitotsui/Documents/web_app_project/Engcard-related-data/Ver-1/Engcard/vendor/laravel/framework/src/Illuminate/Foundation/Http/Kernel.php(170): Illuminate\\Foundation\\Http\\Kernel->bootstrap()
#16 /Users/ahitotsui/Documents/web_app_project/Engcard-related-data/Ver-1/Engcard/vendor/laravel/framework/src/Illuminate/Foundation/Http/Kernel.php(144): Illuminate\\Foundation\\Http\\Kernel->sendRequestThroughRouter(Object(Illuminate\\Http\\Request))
#17 /Users/ahitotsui/Documents/web_app_project/Engcard-related-data/Ver-1/Engcard/public/index.php(51): Illuminate\\Foundation\\Http\\Kernel->handle(Object(Illuminate\\Http\\Request))
#18 /Users/ahitotsui/Documents/web_app_project/Engcard-related-data/Ver-1/Engcard/vendor/laravel/framework/src/Illuminate/Foundation/resources/server.php(23): require_once('/Users/ahitotsu...')
#19 {main}
"} 
[2026-03-22 00:11:25] production.ERROR: Target class [config] does not exist. {"exception":"[object] (Illuminate\\Contracts\\Container\\BindingResolutionException(code: 0): Target class [config] does not exist. at /Users/ahitotsui/Documents/web_app_project/Engcard-related-data/Ver-1/Engcard/vendor/laravel/framework/src/Illuminate/Container/Container.php:1127)
[stacktrace]
#0 /Users/ahitotsui/Documents/web_app_project/Engcard-related-data/Ver-1/Engcard/vendor/laravel/framework/src/Illuminate/Container/Container.php(936): Illuminate\\Container\\Container->build('config')
#1 /Users/ahitotsui/Documents/web_app_project/Engcard-related-data/Ver-1/Engcard/vendor/laravel/framework/src/Illuminate/Foundation/Application.php(1078): Illuminate\\Container\\Container->resolve('config', Array, true)
#2 /Users/ahitotsui/Documents/web_app_project/Engcard-related-data/Ver-1/Engcard/vendor/laravel/framework/src/Illuminate/Container/Container.php(864): Illuminate\\Foundation\\Application->resolve('config', Array)
#3 /Users/ahitotsui/Documents/web_app_project/Engcard-related-data/Ver-1/Engcard/vendor/laravel/framework/src/Illuminate/Foundation/Application.php(1058): Illuminate\\Container\\Container->make('config', Array)
#4 /Users/ahitotsui/Documents/web_app_project/Engcard-related-data/Ver-1/Engcard/vendor/laravel/framework/src/Illuminate/Foundation/helpers.php(138): Illuminate\\Foundation\\Application->make('config', Array)
#5 /Users/ahitotsui/Documents/web_app_project/Engcard-related-data/Ver-1/Engcard/vendor/laravel/framework/src/Illuminate/Foundation/helpers.php(321): app('config')
#6 /Users/ahitotsui/Documents/web_app_project/Engcard-related-data/Ver-1/Engcard/vendor/laravel/sanctum/src/Sanctum.php(47): config('app.url')
#7 /Users/ahitotsui/Documents/web_app_project/Engcard-related-data/Ver-1/Engcard/config/sanctum.php(21): Laravel\\Sanctum\\Sanctum::currentApplicationUrlWithPort()
#8 /Users/ahitotsui/Documents/web_app_project/Engcard-related-data/Ver-1/Engcard/vendor/laravel/framework/src/Illuminate/Foundation/Bootstrap/LoadConfiguration.php(115): require('/Users/ahitotsu...')
#9 /Users/ahitotsui/Documents/web_app_project/Engcard-related-data/Ver-1/Engcard/vendor/laravel/framework/src/Illuminate/Foundation/Bootstrap/LoadConfiguration.php(115): Illuminate\\Foundation\\Bootstrap\\LoadConfiguration->{closure:Illuminate\\Foundation\\Bootstrap\\LoadConfiguration::loadConfigurationFile():115}()
#10 /Users/ahitotsui/Documents/web_app_project/Engcard-related-data/Ver-1/Engcard/vendor/laravel/framework/src/Illuminate/Foundation/Bootstrap/LoadConfiguration.php(96): Illuminate\\Foundation\\Bootstrap\\LoadConfiguration->loadConfigurationFile(Object(Illuminate\\Config\\Repository), 'sanctum', '/Users/ahitotsu...', Array)
#11 /Users/ahitotsui/Documents/web_app_project/Engcard-related-data/Ver-1/Engcard/vendor/laravel/framework/src/Illuminate/Foundation/Bootstrap/LoadConfiguration.php(55): Illuminate\\Foundation\\Bootstrap\\LoadConfiguration->loadConfigurationFiles(Object(Illuminate\\Foundation\\Application), Object(Illuminate\\Config\\Repository))
#12 /Users/ahitotsui/Documents/web_app_project/Engcard-related-data/Ver-1/Engcard/vendor/laravel/framework/src/Illuminate/Foundation/Application.php(342): Illuminate\\Foundation\\Bootstrap\\LoadConfiguration->bootstrap(Object(Illuminate\\Foundation\\Application))
#13 /Users/ahitotsui/Documents/web_app_project/Engcard-related-data/Ver-1/Engcard/vendor/laravel/framework/src/Illuminate/Foundation/Http/Kernel.php(186): Illuminate\\Foundation\\Application->bootstrapWith(Array)
#14 /Users/ahitotsui/Documents/web_app_project/Engcard-related-data/Ver-1/Engcard/vendor/laravel/framework/src/Illuminate/Foundation/Http/Kernel.php(170): Illuminate\\Foundation\\Http\\Kernel->bootstrap()
#15 /Users/ahitotsui/Documents/web_app_project/Engcard-related-data/Ver-1/Engcard/vendor/laravel/framework/src/Illuminate/Foundation/Http/Kernel.php(144): Illuminate\\Foundation\\Http\\Kernel->sendRequestThroughRouter(Object(Illuminate\\Http\\Request))
#16 /Users/ahitotsui/Documents/web_app_project/Engcard-related-data/Ver-1/Engcard/public/index.php(51): Illuminate\\Foundation\\Http\\Kernel->handle(Object(Illuminate\\Http\\Request))
#17 /Users/ahitotsui/Documents/web_app_project/Engcard-related-data/Ver-1/Engcard/vendor/laravel/framework/src/Illuminate/Foundation/resources/server.php(23): require_once('/Users/ahitotsu...')
#18 {main}

[previous exception] [object] (ReflectionException(code: -1): Class \"config\" does not exist at /Users/ahitotsui/Documents/web_app_project/Engcard-related-data/Ver-1/Engcard/vendor/laravel/framework/src/Illuminate/Container/Container.php:1125)
[stacktrace]
#0 /Users/ahitotsui/Documents/web_app_project/Engcard-related-data/Ver-1/Engcard/vendor/laravel/framework/src/Illuminate/Container/Container.php(1125): ReflectionClass->__construct('config')
#1 /Users/ahitotsui/Documents/web_app_project/Engcard-related-data/Ver-1/Engcard/vendor/laravel/framework/src/Illuminate/Container/Container.php(936): Illuminate\\Container\\Container->build('config')
#2 /Users/ahitotsui/Documents/web_app_project/Engcard-related-data/Ver-1/Engcard/vendor/laravel/framework/src/Illuminate/Foundation/Application.php(1078): Illuminate\\Container\\Container->resolve('config', Array, true)
#3 /Users/ahitotsui/Documents/web_app_project/Engcard-related-data/Ver-1/Engcard/vendor/laravel/framework/src/Illuminate/Container/Container.php(864): Illuminate\\Foundation\\Application->resolve('config', Array)
#4 /Users/ahitotsui/Documents/web_app_project/Engcard-related-data/Ver-1/Engcard/vendor/laravel/framework/src/Illuminate/Foundation/Application.php(1058): Illuminate\\Container\\Container->make('config', Array)
#5 /Users/ahitotsui/Documents/web_app_project/Engcard-related-data/Ver-1/Engcard/vendor/laravel/framework/src/Illuminate/Foundation/helpers.php(138): Illuminate\\Foundation\\Application->make('config', Array)
#6 /Users/ahitotsui/Documents/web_app_project/Engcard-related-data/Ver-1/Engcard/vendor/laravel/framework/src/Illuminate/Foundation/helpers.php(321): app('config')
#7 /Users/ahitotsui/Documents/web_app_project/Engcard-related-data/Ver-1/Engcard/vendor/laravel/sanctum/src/Sanctum.php(47): config('app.url')
#8 /Users/ahitotsui/Documents/web_app_project/Engcard-related-data/Ver-1/Engcard/config/sanctum.php(21): Laravel\\Sanctum\\Sanctum::currentApplicationUrlWithPort()
#9 /Users/ahitotsui/Documents/web_app_project/Engcard-related-data/Ver-1/Engcard/vendor/laravel/framework/src/Illuminate/Foundation/Bootstrap/LoadConfiguration.php(115): require('/Users/ahitotsu...')
#10 /Users/ahitotsui/Documents/web_app_project/Engcard-related-data/Ver-1/Engcard/vendor/laravel/framework/src/Illuminate/Foundation/Bootstrap/LoadConfiguration.php(115): Illuminate\\Foundation\\Bootstrap\\LoadConfiguration->{closure:Illuminate\\Foundation\\Bootstrap\\LoadConfiguration::loadConfigurationFile():115}()
#11 /Users/ahitotsui/Documents/web_app_project/Engcard-related-data/Ver-1/Engcard/vendor/laravel/framework/src/Illuminate/Foundation/Bootstrap/LoadConfiguration.php(96): Illuminate\\Foundation\\Bootstrap\\LoadConfiguration->loadConfigurationFile(Object(Illuminate\\Config\\Repository), 'sanctum', '/Users/ahitotsu...', Array)
#12 /Users/ahitotsui/Documents/web_app_project/Engcard-related-data/Ver-1/Engcard/vendor/laravel/framework/src/Illuminate/Foundation/Bootstrap/LoadConfiguration.php(55): Illuminate\\Foundation\\Bootstrap\\LoadConfiguration->loadConfigurationFiles(Object(Illuminate\\Foundation\\Application), Object(Illuminate\\Config\\Repository))
#13 /Users/ahitotsui/Documents/web_app_project/Engcard-related-data/Ver-1/Engcard/vendor/laravel/framework/src/Illuminate/Foundation/Application.php(342): Illuminate\\Foundation\\Bootstrap\\LoadConfiguration->bootstrap(Object(Illuminate\\Foundation\\Application))
#14 /Users/ahitotsui/Documents/web_app_project/Engcard-related-data/Ver-1/Engcard/vendor/laravel/framework/src/Illuminate/Foundation/Http/Kernel.php(186): Illuminate\\Foundation\\Application->bootstrapWith(Array)
#15 /Users/ahitotsui/Documents/web_app_project/Engcard-related-data/Ver-1/Engcard/vendor/laravel/framework/src/Illuminate/Foundation/Http/Kernel.php(170): Illuminate\\Foundation\\Http\\Kernel->bootstrap()
#16 /Users/ahitotsui/Documents/web_app_project/Engcard-related-data/Ver-1/Engcard/vendor/laravel/framework/src/Illuminate/Foundation/Http/Kernel.php(144): Illuminate\\Foundation\\Http\\Kernel->sendRequestThroughRouter(Object(Illuminate\\Http\\Request))
#17 /Users/ahitotsui/Documents/web_app_project/Engcard-related-data/Ver-1/Engcard/public/index.php(51): Illuminate\\Foundation\\Http\\Kernel->handle(Object(Illuminate\\Http\\Request))
#18 /Users/ahitotsui/Documents/web_app_project/Engcard-related-data/Ver-1/Engcard/vendor/laravel/framework/src/Illuminate/Foundation/resources/server.php(23): require_once('/Users/ahitotsu...')
#19 {main}
"} 
[2026-03-22 00:11:26] production.ERROR: Target class [config] does not exist. {"exception":"[object] (Illuminate\\Contracts\\Container\\BindingResolutionException(code: 0): Target class [config] does not exist. at /Users/ahitotsui/Documents/web_app_project/Engcard-related-data/Ver-1/Engcard/vendor/laravel/framework/src/Illuminate/Container/Container.php:1127)
[stacktrace]
#0 /Users/ahitotsui/Documents/web_app_project/Engcard-related-data/Ver-1/Engcard/vendor/laravel/framework/src/Illuminate/Container/Container.php(936): Illuminate\\Container\\Container->build('config')
#1 /Users/ahitotsui/Documents/web_app_project/Engcard-related-data/Ver-1/Engcard/vendor/laravel/framework/src/Illuminate/Foundation/Application.php(1078): Illuminate\\Container\\Container->resolve('config', Array, true)
#2 /Users/ahitotsui/Documents/web_app_project/Engcard-related-data/Ver-1/Engcard/vendor/laravel/framework/src/Illuminate/Container/Container.php(864): Illuminate\\Foundation\\Application->resolve('config', Array)
#3 /Users/ahitotsui/Documents/web_app_project/Engcard-related-data/Ver-1/Engcard/vendor/laravel/framework/src/Illuminate/Foundation/Application.php(1058): Illuminate\\Container\\Container->make('config', Array)
#4 /Users/ahitotsui/Documents/web_app_project/Engcard-related-data/Ver-1/Engcard/vendor/laravel/framework/src/Illuminate/Foundation/helpers.php(138): Illuminate\\Foundation\\Application->make('config', Array)
#5 /Users/ahitotsui/Documents/web_app_project/Engcard-related-data/Ver-1/Engcard/vendor/laravel/framework/src/Illuminate/Foundation/helpers.php(321): app('config')
#6 /Users/ahitotsui/Documents/web_app_project/Engcard-related-data/Ver-1/Engcard/vendor/laravel/sanctum/src/Sanctum.php(47): config('app.url')
#7 /Users/ahitotsui/Documents/web_app_project/Engcard-related-data/Ver-1/Engcard/config/sanctum.php(21): Laravel\\Sanctum\\Sanctum::currentApplicationUrlWithPort()
#8 /Users/ahitotsui/Documents/web_app_project/Engcard-related-data/Ver-1/Engcard/vendor/laravel/framework/src/Illuminate/Foundation/Bootstrap/LoadConfiguration.php(115): require('/Users/ahitotsu...')
#9 /Users/ahitotsui/Documents/web_app_project/Engcard-related-data/Ver-1/Engcard/vendor/laravel/framework/src/Illuminate/Foundation/Bootstrap/LoadConfiguration.php(115): Illuminate\\Foundation\\Bootstrap\\LoadConfiguration->{closure:Illuminate\\Foundation\\Bootstrap\\LoadConfiguration::loadConfigurationFile():115}()
#10 /Users/ahitotsui/Documents/web_app_project/Engcard-related-data/Ver-1/Engcard/vendor/laravel/framework/src/Illuminate/Foundation/Bootstrap/LoadConfiguration.php(96): Illuminate\\Foundation\\Bootstrap\\LoadConfiguration->loadConfigurationFile(Object(Illuminate\\Config\\Repository), 'sanctum', '/Users/ahitotsu...', Array)
#11 /Users/ahitotsui/Documents/web_app_project/Engcard-related-data/Ver-1/Engcard/vendor/laravel/framework/src/Illuminate/Foundation/Bootstrap/LoadConfiguration.php(55): Illuminate\\Foundation\\Bootstrap\\LoadConfiguration->loadConfigurationFiles(Object(Illuminate\\Foundation\\Application), Object(Illuminate\\Config\\Repository))
#12 /Users/ahitotsui/Documents/web_app_project/Engcard-related-data/Ver-1/Engcard/vendor/laravel/framework/src/Illuminate/Foundation/Application.php(342): Illuminate\\Foundation\\Bootstrap\\LoadConfiguration->bootstrap(Object(Illuminate\\Foundation\\Application))
#13 /Users/ahitotsui/Documents/web_app_project/Engcard-related-data/Ver-1/Engcard/vendor/laravel/framework/src/Illuminate/Foundation/Http/Kernel.php(186): Illuminate\\Foundation\\Application->bootstrapWith(Array)
#14 /Users/ahitotsui/Documents/web_app_project/Engcard-related-data/Ver-1/Engcard/vendor/laravel/framework/src/Illuminate/Foundation/Http/Kernel.php(170): Illuminate\\Foundation\\Http\\Kernel->bootstrap()
#15 /Users/ahitotsui/Documents/web_app_project/Engcard-related-data/Ver-1/Engcard/vendor/laravel/framework/src/Illuminate/Foundation/Http/Kernel.php(144): Illuminate\\Foundation\\Http\\Kernel->sendRequestThroughRouter(Object(Illuminate\\Http\\Request))
#16 /Users/ahitotsui/Documents/web_app_project/Engcard-related-data/Ver-1/Engcard/public/index.php(51): Illuminate\\Foundation\\Http\\Kernel->handle(Object(Illuminate\\Http\\Request))
#17 /Users/ahitotsui/Documents/web_app_project/Engcard-related-data/Ver-1/Engcard/vendor/laravel/framework/src/Illuminate/Foundation/resources/server.php(23): require_once('/Users/ahitotsu...')
#18 {main}

[previous exception] [object] (ReflectionException(code: -1): Class \"config\" does not exist at /Users/ahitotsui/Documents/web_app_project/Engcard-related-data/Ver-1/Engcard/vendor/laravel/framework/src/Illuminate/Container/Container.php:1125)
[stacktrace]
#0 /Users/ahitotsui/Documents/web_app_project/Engcard-related-data/Ver-1/Engcard/vendor/laravel/framework/src/Illuminate/Container/Container.php(1125): ReflectionClass->__construct('config')
#1 /Users/ahitotsui/Documents/web_app_project/Engcard-related-data/Ver-1/Engcard/vendor/laravel/framework/src/Illuminate/Container/Container.php(936): Illuminate\\Container\\Container->build('config')
#2 /Users/ahitotsui/Documents/web_app_project/Engcard-related-data/Ver-1/Engcard/vendor/laravel/framework/src/Illuminate/Foundation/Application.php(1078): Illuminate\\Container\\Container->resolve('config', Array, true)
#3 /Users/ahitotsui/Documents/web_app_project/Engcard-related-data/Ver-1/Engcard/vendor/laravel/framework/src/Illuminate/Container/Container.php(864): Illuminate\\Foundation\\Application->resolve('config', Array)
#4 /Users/ahitotsui/Documents/web_app_project/Engcard-related-data/Ver-1/Engcard/vendor/laravel/framework/src/Illuminate/Foundation/Application.php(1058): Illuminate\\Container\\Container->make('config', Array)
#5 /Users/ahitotsui/Documents/web_app_project/Engcard-related-data/Ver-1/Engcard/vendor/laravel/framework/src/Illuminate/Foundation/helpers.php(138): Illuminate\\Foundation\\Application->make('config', Array)
#6 /Users/ahitotsui/Documents/web_app_project/Engcard-related-data/Ver-1/Engcard/vendor/laravel/framework/src/Illuminate/Foundation/helpers.php(321): app('config')
#7 /Users/ahitotsui/Documents/web_app_project/Engcard-related-data/Ver-1/Engcard/vendor/laravel/sanctum/src/Sanctum.php(47): config('app.url')
#8 /Users/ahitotsui/Documents/web_app_project/Engcard-related-data/Ver-1/Engcard/config/sanctum.php(21): Laravel\\Sanctum\\Sanctum::currentApplicationUrlWithPort()
#9 /Users/ahitotsui/Documents/web_app_project/Engcard-related-data/Ver-1/Engcard/vendor/laravel/framework/src/Illuminate/Foundation/Bootstrap/LoadConfiguration.php(115): require('/Users/ahitotsu...')
#10 /Users/ahitotsui/Documents/web_app_project/Engcard-related-data/Ver-1/Engcard/vendor/laravel/framework/src/Illuminate/Foundation/Bootstrap/LoadConfiguration.php(115): Illuminate\\Foundation\\Bootstrap\\LoadConfiguration->{closure:Illuminate\\Foundation\\Bootstrap\\LoadConfiguration::loadConfigurationFile():115}()
#11 /Users/ahitotsui/Documents/web_app_project/Engcard-related-data/Ver-1/Engcard/vendor/laravel/framework/src/Illuminate/Foundation/Bootstrap/LoadConfiguration.php(96): Illuminate\\Foundation\\Bootstrap\\LoadConfiguration->loadConfigurationFile(Object(Illuminate\\Config\\Repository), 'sanctum', '/Users/ahitotsu...', Array)
#12 /Users/ahitotsui/Documents/web_app_project/Engcard-related-data/Ver-1/Engcard/vendor/laravel/framework/src/Illuminate/Foundation/Bootstrap/LoadConfiguration.php(55): Illuminate\\Foundation\\Bootstrap\\LoadConfiguration->loadConfigurationFiles(Object(Illuminate\\Foundation\\Application), Object(Illuminate\\Config\\Repository))
#13 /Users/ahitotsui/Documents/web_app_project/Engcard-related-data/Ver-1/Engcard/vendor/laravel/framework/src/Illuminate/Foundation/Application.php(342): Illuminate\\Foundation\\Bootstrap\\LoadConfiguration->bootstrap(Object(Illuminate\\Foundation\\Application))
#14 /Users/ahitotsui/Documents/web_app_project/Engcard-related-data/Ver-1/Engcard/vendor/laravel/framework/src/Illuminate/Foundation/Http/Kernel.php(186): Illuminate\\Foundation\\Application->bootstrapWith(Array)
#15 /Users/ahitotsui/Documents/web_app_project/Engcard-related-data/Ver-1/Engcard/vendor/laravel/framework/src/Illuminate/Foundation/Http/Kernel.php(170): Illuminate\\Foundation\\Http\\Kernel->bootstrap()
#16 /Users/ahitotsui/Documents/web_app_project/Engcard-related-data/Ver-1/Engcard/vendor/laravel/framework/src/Illuminate/Foundation/Http/Kernel.php(144): Illuminate\\Foundation\\Http\\Kernel->sendRequestThroughRouter(Object(Illuminate\\Http\\Request))
#17 /Users/ahitotsui/Documents/web_app_project/Engcard-related-data/Ver-1/Engcard/public/index.php(51): Illuminate\\Foundation\\Http\\Kernel->handle(Object(Illuminate\\Http\\Request))
#18 /Users/ahitotsui/Documents/web_app_project/Engcard-related-data/Ver-1/Engcard/vendor/laravel/framework/src/Illuminate/Foundation/resources/server.php(23): require_once('/Users/ahitotsu...')
#19 {main}
"} 
